Archive member included to satisfy reference by file (symbol)

/opt/devkitpro/libctru/lib/libctru.a(console.o)
                              main.o (consoleSelect)
/opt/devkitpro/libctru/lib/libctru.a(gfx.o)
                              /opt/devkitpro/libctru/lib/libctru.a(console.o) (gfxIsWide)
/opt/devkitpro/libctru/lib/libctru.a(ac.o)
                              main.o (acInit)
/opt/devkitpro/libctru/lib/libctru.a(apt.o)
                              main.o (aptMainLoop)
/opt/devkitpro/libctru/lib/libctru.a(gspgpu.o)
                              /opt/devkitpro/libctru/lib/libctru.a(gfx.o) (gspInit)
/opt/devkitpro/libctru/lib/libctru.a(hid.o)
                              main.o (hidScanInput)
/opt/devkitpro/libctru/lib/libctru.a(httpc.o)
                              main.o (httpcInit)
/opt/devkitpro/libctru/lib/libctru.a(irrst.o)
                              /opt/devkitpro/libctru/lib/libctru.a(hid.o) (irrstInit)
/opt/devkitpro/libctru/lib/libctru.a(soc_init.o)
                              main.o (socInit)
/opt/devkitpro/libctru/lib/libctru.a(soc_recvfrom.o)
                              /opt/devkitpro/libctru/lib/libctru.a(soc_init.o) (soc_recvfrom)
/opt/devkitpro/libctru/lib/libctru.a(soc_sendto.o)
                              /opt/devkitpro/libctru/lib/libctru.a(soc_init.o) (soc_sendto)
/opt/devkitpro/libctru/lib/libctru.a(swkbd.o)
                              main.o (swkbdInit)
/opt/devkitpro/libctru/lib/libctru.a(utf16_to_utf8.o)
                              /opt/devkitpro/libctru/lib/libctru.a(swkbd.o) (utf16_to_utf8)
/opt/devkitpro/libctru/lib/libctru.a(utf8_to_utf16.o)
                              /opt/devkitpro/libctru/lib/libctru.a(swkbd.o) (utf8_to_utf16)
/opt/devkitpro/libctru/lib/libctru.a(ctru_init.o)
                              /opt/devkitpro/libctru/lib/libctru.a(apt.o) (__system_retAddr)
/opt/devkitpro/libctru/lib/libctru.a(initArgv.o)
                              /opt/devkitpro/libctru/lib/libctru.a(ctru_init.o) (__system_initArgv)
/opt/devkitpro/libctru/lib/libctru.a(syscalls.o)
                              /opt/devkitpro/libctru/lib/libctru.a(ctru_init.o) (__system_initSyscalls)
/opt/devkitpro/libctru/lib/libctru.a(svc.o)
                              /opt/devkitpro/libctru/lib/libctru.a(apt.o) (svcSleepThread)
/opt/devkitpro/libctru/lib/libctru.a(stack_adjust.o)
                              /opt/devkitpro/devkitARM/lib/gcc/arm-none-eabi/15.2.0/../../../../arm-none-eabi/lib/armv6k/fpu/3dsx_crt0.o (initSystem)
/opt/devkitpro/libctru/lib/libctru.a(default_font.bin.o)
                              /opt/devkitpro/libctru/lib/libctru.a(console.o) (default_font_bin)
/opt/devkitpro/libctru/lib/libctru.a(linear.o)
                              /opt/devkitpro/libctru/lib/libctru.a(gfx.o) (linearAlloc)
/opt/devkitpro/libctru/lib/libctru.a(mem_pool.o)
                              /opt/devkitpro/libctru/lib/libctru.a(linear.o) (_ZN7MemPool8AllocateER8MemChunkmi)
/opt/devkitpro/libctru/lib/libctru.a(vram.o)
                              /opt/devkitpro/libctru/lib/libctru.a(gfx.o) (vramAlloc)
/opt/devkitpro/libctru/lib/libctru.a(3dslink.o)
                              /opt/devkitpro/libctru/lib/libctru.a(initArgv.o) (__3dslink_host)
/opt/devkitpro/libctru/lib/libctru.a(env.o)
                              /opt/devkitpro/libctru/lib/libctru.a(irrst.o) (envGetHandle)
/opt/devkitpro/libctru/lib/libctru.a(os.o)
                              /opt/devkitpro/libctru/lib/libctru.a(syscalls.o) (osGetTime)
/opt/devkitpro/libctru/lib/libctru.a(srv.o)
                              /opt/devkitpro/libctru/lib/libctru.a(apt.o) (srvInit)
/opt/devkitpro/libctru/lib/libctru.a(synchronization.o)
                              /opt/devkitpro/libctru/lib/libctru.a(ctru_init.o) (__sync_init)
/opt/devkitpro/libctru/lib/libctru.a(thread.o)
                              /opt/devkitpro/libctru/lib/libctru.a(apt.o) (threadCreate)
/opt/devkitpro/libctru/lib/libctru.a(mappable.o)
                              /opt/devkitpro/libctru/lib/libctru.a(apt.o) (mappableAlloc)
/opt/devkitpro/libctru/lib/libctru.a(ptmsysm.o)
                              /opt/devkitpro/libctru/lib/libctru.a(os.o) (ptmSysmInit)
/opt/devkitpro/libctru/lib/libctru.a(srvpm.o)
                              /opt/devkitpro/libctru/lib/libctru.a(srv.o) (srvPmGetSessionHandle)
/opt/devkitpro/libctru/lib/libctru.a(soc_common.o)
                              /opt/devkitpro/libctru/lib/libctru.a(soc_init.o) (_net_convert_error)
/opt/devkitpro/libctru/lib/libctru.a(soc_connect.o)
                              /opt/devkitpro/libctru/lib/libctru.a(3dslink.o) (connect)
/opt/devkitpro/libctru/lib/libctru.a(soc_socket.o)
                              /opt/devkitpro/libctru/lib/libctru.a(3dslink.o) (socket)
/opt/devkitpro/libctru/lib/libctru.a(rbtree_find.o)
                              /opt/devkitpro/libctru/lib/libctru.a(linear.o) (rbtree_find)
/opt/devkitpro/libctru/lib/libctru.a(rbtree_init.o)
[...]
Memory Configuration

Name             Origin             Length             Attributes
*default*        0x00000000         0xffffffff

Linker script and memory map

                0x00000000                        __sync_synchronize = __sync_synchronize_dmb
                0x00100000                        PROVIDE (__start__ = 0x100000)
                0x00100000                        . = __start__

.text           0x00100000    0x207d4
 *(.crt0)
 .crt0          0x00100000       0x94 /opt/devkitpro/devkitARM/lib/gcc/arm-none-eabi/15.2.0/../../../../arm-none-eabi/lib/armv6k/fpu/3dsx_crt0.o
                0x00100000                _start
                0x00100008                __service_ptr
                0x0010000c                __apt_appid
                0x00100010                __heap_size
                0x00100014                __linear_heap_size
                0x00100018                __system_arglist
                0x0010001c                __system_runflags
 *(.init)
 .init          0x00100094        0xc /opt/devkitpro/devkitARM/lib/gcc/arm-none-eabi/15.2.0/armv6k/fpu/crti.o
                0x00100094                _init
 .init          0x001000a0        0xc /opt/devkitpro/devkitARM/lib/gcc/arm-none-eabi/15.2.0/armv6k/fpu/crtn.o
                0x001000ac                        . = ALIGN (0x4)
 *(.text)
 .text          0x001000ac      0x240 /opt/devkitpro/devkitARM/lib/gcc/arm-none-eabi/15.2.0/armv6k/fpu/libgcc.a(_divsi3.o)
                0x001000ac                __aeabi_idiv
                0x001000ac                __divsi3
                0x001002cc                __aeabi_idivmod
 .text          0x001002ec        0x4 /opt/devkitpro/devkitARM/lib/gcc/arm-none-eabi/15.2.0/armv6k/fpu/libgcc.a(_dvmd_tls.o)
                0x001002ec                __aeabi_ldiv0
                0x001002ec                __aeabi_idiv0
 .text          0x001002f0       0x3c /opt/devkitpro/devkitARM/lib/gcc/arm-none-eabi/15.2.0/armv6k/fpu/libgcc.a(_aeabi_uldivmod.o)
                0x001002f0                __aeabi_uldivmod
 *fill*         0x0010032c       0x14 
 .text          0x00100340      0x390 /opt/devkitpro/devkitARM/lib/gcc/arm-none-eabi/15.2.0/../../../../arm-none-eabi/lib/armv6k/fpu/libg.a(libc_a-strcmp.o)
                0x00100348                strcmp
 .text          0x001006d0      0x20c /opt/devkitpro/devkitARM/lib/gcc/arm-none-eabi/15.2.0/armv6k/fpu/libgcc.a(_udivsi3.o)
                0x001006d0                __udivsi3
                0x001006d0                __aeabi_uidiv
                0x001008bc                __aeabi_uidivmod
 *(.text.*)
 .text.__do_global_dtors_aux
                0x001008dc       0x50 /opt/devkitpro/devkitARM/lib/gcc/arm-none-eabi/15.2.0/armv6k/fpu/crtbegin.o
 .text.frame_dummy
                0x0010092c       0x2c /opt/devkitpro/devkitARM/lib/gcc/arm-none-eabi/15.2.0/armv6k/fpu/crtbegin.o
 .text.draw_lang_menu
                0x00100958       0x80 main.o
 .text.draw_config_menu
                0x001009d8      0x18c main.o
 .text.draw_main_screen
                0x00100b64      0x164 main.o
 .text.history_add
                0x00100cc8       0xb8 main.o
 .text.draw_bottom_info
                0x00100d80      0x19c main.o
 .text.config_save
                0x00100f1c       0x74 main.o
 .text.print_wrapped.constprop.0
                0x00100f90       0x8c main.o
 .text.kb_ask.isra.0
                0x0010101c      0x110 main.o
 .text.startup.main
                0x0010112c     0x1508 main.o
                0x0010112c                main
 .text.consoleSelect
                0x00102634       0x18 /opt/devkitpro/libctru/lib/libctru.a(console.o)
                0x00102634                consoleSelect
 .text.consoleDrawChar
                0x0010264c      0x1c8 /opt/devkitpro/libctru/lib/libctru.a(console.o)
                0x0010264c                consoleDrawChar
 .text.consolePrintChar
                0x00102814      0x170 /opt/devkitpro/libctru/lib/libctru.a(console.o)
                0x00102814                consolePrintChar
 .text.con_write
                0x00102984      0xcc8 /opt/devkitpro/libctru/lib/libctru.a(console.o)
                0x00102984                con_write
 .text.newRow   0x0010364c       0xfc /opt/devkitpro/libctru/lib/libctru.a(console.o)
 .text.consoleInit
                0x00103748      0x180 /opt/devkitpro/libctru/lib/libctru.a(console.o)
                0x00103748                consoleInit
 .text.consoleClear
                0x001038c8       0xb8 /opt/devkitpro/libctru/lib/libctru.a(console.o)
                0x001038c8                consoleClear
 .text.gfxPresentFramebuffer
                0x00103980       0xcc /opt/devkitpro/libctru/lib/libctru.a(gfx.o)
 .text.gfxIsWide
                0x00103a4c       0x1c /opt/devkitpro/libctru/lib/libctru.a(gfx.o)
                0x00103a4c                gfxIsWide
 .text.gfxSetScreenFormat
                0x00103a68       0xf8 /opt/devkitpro/libctru/lib/libctru.a(gfx.o)
                0x00103a68                gfxSetScreenFormat
 .text.gfxSetDoubleBuffering
                0x00103b60       0x10 /opt/devkitpro/libctru/lib/libctru.a(gfx.o)
                0x00103b60                gfxSetDoubleBuffering
 .text.gfxInit  0x00103b70       0xd8 /opt/devkitpro/libctru/lib/libctru.a(gfx.o)
                0x00103b70                gfxInit
 .text.gfxInitDefault
                0x00103c48       0x10 /opt/devkitpro/libctru/lib/libctru.a(gfx.o)
                0x00103c48                gfxInitDefault
 .text.gfxExit  0x00103c58       0xb8 /opt/devkitpro/libctru/lib/libctru.a(gfx.o)
                0x00103c58                gfxExit
 .text.gfxGetFramebuffer
                0x00103d10       0xa0 /opt/devkitpro/libctru/lib/libctru.a(gfx.o)
                0x00103d10                gfxGetFramebuffer
 .text.gfxFlushBuffers
                0x00103db0      0x100 /opt/devkitpro/libctru/lib/libctru.a(gfx.o)
                0x00103db0                gfxFlushBuffers
 .text.gfxSwapBuffers
                0x00103eb0       0x50 /opt/devkitpro/libctru/lib/libctru.a(gfx.o)
                0x00103eb0                gfxSwapBuffers
 .text.gfxSwapBuffersGpu
                0x00103f00       0x50 /opt/devkitpro/libctru/lib/libctru.a(gfx.o)
                0x00103f00                gfxSwapBuffersGpu
 .text.acInit   0x00103f50       0x90 /opt/devkitpro/libctru/lib/libctru.a(ac.o)
                0x00103f50                acInit
 .text.acExit   0x00103fe0       0x3c /opt/devkitpro/libctru/lib/libctru.a(ac.o)
                0x00103fe0                acExit
 .text.aptConvertScreenForCapture
                0x0010401c      0x180 /opt/devkitpro/libctru/lib/libctru.a(apt.o)
 .text.aptDspSleep
                0x0010419c        0x8 /opt/devkitpro/libctru/lib/libctru.a(apt.o)
                0x0010419c                aptDspSleep
 .text.aptDspWakeup
                0x001041a4        0x4 /opt/devkitpro/libctru/lib/libctru.a(apt.o)
                0x001041a4                aptDspWakeup
 .text.aptDspCancel
                0x001041a8        0x4 /opt/devkitpro/libctru/lib/libctru.a(apt.o)
                0x001041a8                aptDspCancel
 .text.aptSendCommand
                0x001041ac      0x138 /opt/devkitpro/libctru/lib/libctru.a(apt.o)
                0x001041ac                aptSendCommand
 *fill*         0x001042e4        0x4 
 .text.aptExitProcess
                0x001042e8       0x44 /opt/devkitpro/libctru/lib/libctru.a(apt.o)
 .text.aptExit  0x0010432c      0x394 /opt/devkitpro/libctru/lib/libctru.a(apt.o)
                0x0010432c                aptExit
 .text.aptHandleSleep
                0x001046c0       0xd8 /opt/devkitpro/libctru/lib/libctru.a(apt.o)
                0x001046c0                aptHandleSleep
 .text.aptSetMessageCallback
                0x00104798       0x1c /opt/devkitpro/libctru/lib/libctru.a(apt.o)
                0x00104798                aptSetMessageCallback
 .text.APT_SleepIfShellClosed
                0x001047b4       0x84 /opt/devkitpro/libctru/lib/libctru.a(apt.o)
                0x001047b4                APT_SleepIfShellClosed
 .text.aptSetSleepAllowed
                0x00104838       0x78 /opt/devkitpro/libctru/lib/libctru.a(apt.o)
                0x00104838                aptSetSleepAllowed
 .text.APT_UnlockTransition
                0x001048b0       0x84 /opt/devkitpro/libctru/lib/libctru.a(apt.o)
                0x001048b0                APT_UnlockTransition
 *fill*         0x00104934        0x4 
 .text.aptEventHandler
                0x00104938      0x470 /opt/devkitpro/libctru/lib/libctru.a(apt.o)
 .text.APT_ReceiveParameter
                0x00104da8       0xbc /opt/devkitpro/libctru/lib/libctru.a(apt.o)
                0x00104da8                APT_ReceiveParameter
 .text.aptReceiveParameter.constprop.0
                0x00104e64       0xb0 /opt/devkitpro/libctru/lib/libctru.a(apt.o)
 *fill*         0x00104f14        0x4 
 .text.aptScreenTransfer
                0x00104f18      0x294 /opt/devkitpro/libctru/lib/libctru.a(apt.o)
 .text.aptWaitForWakeUp.isra.0
                0x001051ac      0x2d0 /opt/devkitpro/libctru/lib/libctru.a(apt.o)
 .text.aptLaunchLibraryApplet
                0x0010547c      0x114 /opt/devkitpro/libctru/lib/libctru.a(apt.o)
                0x0010547c                aptLaunchLibraryApplet
 .text.aptJumpToHomeMenu
                0x00105590       0xf4 /opt/devkitpro/libctru/lib/libctru.a(apt.o)
                0x00105590                aptJumpToHomeMenu
 .text.aptMainLoop
                0x00105684       0x58 /opt/devkitpro/libctru/lib/libctru.a(apt.o)
                0x00105684                aptMainLoop
 .text.aptInit  0x001056dc      0x240 /opt/devkitpro/libctru/lib/libctru.a(apt.o)
                0x001056dc                aptInit
 .text.APT_SendParameter
                0x0010591c       0x5c /opt/devkitpro/libctru/lib/libctru.a(apt.o)
                0x0010591c                APT_SendParameter
 .text.APT_CheckNew3DS
                0x00105978       0x90 /opt/devkitpro/libctru/lib/libctru.a(apt.o)
                0x00105978                APT_CheckNew3DS
 .text.gspHardwareInit
                0x00105a08      0xc70 /opt/devkitpro/libctru/lib/libctru.a(gspgpu.o)
 .text.gspInit  0x00106678      0x288 /opt/devkitpro/libctru/lib/libctru.a(gspgpu.o)
                0x00106678                gspInit
 .text.gspExit  0x00106900      0x104 /opt/devkitpro/libctru/lib/libctru.a(gspgpu.o)
                0x00106900                gspExit
 .text.gspHasGpuRight
                0x00106a04       0x10 /opt/devkitpro/libctru/lib/libctru.a(gspgpu.o)
                0x00106a04                gspHasGpuRight
 .text.gspPresentBuffer
                0x00106a14       0xa4 /opt/devkitpro/libctru/lib/libctru.a(gspgpu.o)
                0x00106a14                gspPresentBuffer
 .text.gspWaitForEvent
                0x00106ab8       0x50 /opt/devkitpro/libctru/lib/libctru.a(gspgpu.o)
                0x00106ab8                gspWaitForEvent
 .text.gxCmdQueueInterrupt
                0x00106b08        0x4 /opt/devkitpro/libctru/lib/libctru.a(gspgpu.o)
                0x00106b08                gxCmdQueueInterrupt
 .text.gspEventThreadMain
                0x00106b0c      0x154 /opt/devkitpro/libctru/lib/libctru.a(gspgpu.o)
 .text.GSPGPU_FlushDataCache
                0x00106c60       0x50 /opt/devkitpro/libctru/lib/libctru.a(gspgpu.o)
                0x00106c60                GSPGPU_FlushDataCache
 .text.GSPGPU_SetLcdForceBlack
                0x00106cb0       0x34 /opt/devkitpro/libctru/lib/libctru.a(gspgpu.o)
                0x00106cb0                GSPGPU_SetLcdForceBlack
 .text.GSPGPU_AcquireRight
                0x00106ce4       0x84 /opt/devkitpro/libctru/lib/libctru.a(gspgpu.o)
                0x00106ce4                GSPGPU_AcquireRight
 .text.GSPGPU_ReleaseRight
                0x00106d68       0x64 /opt/devkitpro/libctru/lib/libctru.a(gspgpu.o)
                0x00106d68                GSPGPU_ReleaseRight
 .text.GSPGPU_ImportDisplayCaptureInfo
                0x00106dcc       0x7c /opt/devkitpro/libctru/lib/libctru.a(gspgpu.o)
                0x00106dcc                GSPGPU_ImportDisplayCaptureInfo
 .text.GSPGPU_SaveVramSysArea
                0x00106e48       0x2c /opt/devkitpro/libctru/lib/libctru.a(gspgpu.o)
                0x00106e48                GSPGPU_SaveVramSysArea
 .text.GSPGPU_RestoreVramSysArea
                0x00106e74       0x2c /opt/devkitpro/libctru/lib/libctru.a(gspgpu.o)
                0x00106e74                GSPGPU_RestoreVramSysArea
 .text.hidShouldUseIrrst
                0x00106ea0       0x24 /opt/devkitpro/libctru/lib/libctru.a(hid.o)
                0x00106ea0                hidShouldUseIrrst
 .text.hidInit  0x00106ec4      0x1cc /opt/devkitpro/libctru/lib/libctru.a(hid.o)
                0x00106ec4                hidInit
 .text.hidExit  0x00107090       0xe8 /opt/devkitpro/libctru/lib/libctru.a(hid.o)
                0x00107090                hidExit
 .text.hidScanInput
                0x00107178      0x2a0 /opt/devkitpro/libctru/lib/libctru.a(hid.o)
                0x00107178                hidScanInput
 .text.hidKeysDown
                0x00107418       0x10 /opt/devkitpro/libctru/lib/libctru.a(hid.o)
                0x00107418                hidKeysDown
 .text.httpcInit
                0x00107428      0x200 /opt/devkitpro/libctru/lib/libctru.a(httpc.o)
                0x00107428                httpcInit
 .text.httpcExit
                0x00107628       0xbc /opt/devkitpro/libctru/lib/libctru.a(httpc.o)
                0x00107628                httpcExit
 .text.httpcOpenContext
                0x001076e4      0x170 /opt/devkitpro/libctru/lib/libctru.a(httpc.o)
                0x001076e4                httpcOpenContext
 .text.httpcCloseContext
                0x00107854       0x40 /opt/devkitpro/libctru/lib/libctru.a(httpc.o)
                0x00107854                httpcCloseContext
 .text.httpcAddRequestHeaderField
                0x00107894       0x8c /opt/devkitpro/libctru/lib/libctru.a(httpc.o)
                0x00107894                httpcAddRequestHeaderField
 .text.httpcAddPostDataRaw
                0x00107920       0x44 /opt/devkitpro/libctru/lib/libctru.a(httpc.o)
                0x00107920                httpcAddPostDataRaw
 .text.httpcBeginRequest
                0x00107964       0x30 /opt/devkitpro/libctru/lib/libctru.a(httpc.o)
                0x00107964                httpcBeginRequest
 .text.httpcReceiveData
                0x00107994       0x44 /opt/devkitpro/libctru/lib/libctru.a(httpc.o)
                0x00107994                httpcReceiveData
 .text.httpcGetResponseStatusCode
                0x001079d8       0x3c /opt/devkitpro/libctru/lib/libctru.a(httpc.o)
                0x001079d8                httpcGetResponseStatusCode
 .text.httpcSetSSLOpt
                0x00107a14       0x34 /opt/devkitpro/libctru/lib/libctru.a(httpc.o)
                0x00107a14                httpcSetSSLOpt
 .text.httpcSetKeepAlive
                0x00107a48       0x34 /opt/devkitpro/libctru/lib/libctru.a(httpc.o)
                0x00107a48                httpcSetKeepAlive
 .text.irrstInit
                0x00107a7c      0x1a4 /opt/devkitpro/libctru/lib/libctru.a(irrst.o)
                0x00107a7c                irrstInit
 .text.irrstExit
                0x00107c20       0xdc /opt/devkitpro/libctru/lib/libctru.a(irrst.o)
                0x00107c20                irrstExit
 .text.irrstScanInput
                0x00107cfc       0xb4 /opt/devkitpro/libctru/lib/libctru.a(irrst.o)
                0x00107cfc                irrstScanInput
 .text.irrstKeysHeld
                0x00107db0       0x24 /opt/devkitpro/libctru/lib/libctru.a(irrst.o)
                0x00107db0                irrstKeysHeld
 .text.soc_read
                0x00107dd4       0x34 /opt/devkitpro/libctru/lib/libctru.a(soc_init.o)
 .text.soc_write
                0x00107e08       0x34 /opt/devkitpro/libctru/lib/libctru.a(soc_init.o)
 .text.soc_close
                0x00107e3c       0xb0 /opt/devkitpro/libctru/lib/libctru.a(soc_init.o)
 .text.socInit  0x00107eec      0x190 /opt/devkitpro/libctru/lib/libctru.a(soc_init.o)
                0x00107eec                socInit
 .text.socExit  0x0010807c       0x88 /opt/devkitpro/libctru/lib/libctru.a(soc_init.o)
                0x0010807c                socExit
 .text.socuipc_cmd7
                0x00108104      0x148 /opt/devkitpro/libctru/lib/libctru.a(soc_recvfrom.o)
                0x00108104                socuipc_cmd7
 .text.socuipc_cmd8
                0x0010824c      0x168 /opt/devkitpro/libctru/lib/libctru.a(soc_recvfrom.o)
                0x0010824c                socuipc_cmd8
 .text.soc_recvfrom
                0x001083b4       0x10 /opt/devkitpro/libctru/lib/libctru.a(soc_recvfrom.o)
                0x001083b4                soc_recvfrom
 .text.socuipc_cmd9
                0x001083c4      0x15c /opt/devkitpro/libctru/lib/libctru.a(soc_sendto.o)
                0x001083c4                socuipc_cmd9
 .text.socuipc_cmda
                0x00108520      0x160 /opt/devkitpro/libctru/lib/libctru.a(soc_sendto.o)
                0x00108520                socuipc_cmda
 .text.soc_sendto
                0x00108680       0x10 /opt/devkitpro/libctru/lib/libctru.a(soc_sendto.o)
                0x00108680                soc_sendto
 .text.swkbdMessageCallback
                0x00108690      0x190 /opt/devkitpro/libctru/lib/libctru.a(swkbd.o)
 .text.swkbdInit
                0x00108820       0x84 /opt/devkitpro/libctru/lib/libctru.a(swkbd.o)
                0x00108820                swkbdInit
 .text.swkbdSetHintText
                0x001088a4       0x64 /opt/devkitpro/libctru/lib/libctru.a(swkbd.o)
                0x001088a4                swkbdSetHintText
 .text.swkbdSetButton
                0x00108908       0x88 /opt/devkitpro/libctru/lib/libctru.a(swkbd.o)
                0x00108908                swkbdSetButton
 .text.swkbdSetInitialText
                0x00108990        0x8 /opt/devkitpro/libctru/lib/libctru.a(swkbd.o)
                0x00108990                swkbdSetInitialText
 .text.swkbdInputText
                0x00108998      0x3a8 /opt/devkitpro/libctru/lib/libctru.a(swkbd.o)
                0x00108998                swkbdInputText
 .text.utf16_to_utf8
                0x00108d40       0xe8 /opt/devkitpro/libctru/lib/libctru.a(utf16_to_utf8.o)
                0x00108d40                utf16_to_utf8
 .text.utf8_to_utf16
                0x00108e28       0xc0 /opt/devkitpro/libctru/lib/libctru.a(utf8_to_utf16.o)
                0x00108e28                utf8_to_utf16
 .text.__libctru_init
                0x00108ee8       0x38 /opt/devkitpro/libctru/lib/libctru.a(ctru_init.o)
                0x00108ee8                __libctru_init
 .text.__system_initArgv
                0x00108f20      0x16c /opt/devkitpro/libctru/lib/libctru.a(initArgv.o)
                0x00108f20                __system_initArgv
 .text.__syscall_getreent
                0x0010908c       0x30 /opt/devkitpro/libctru/lib/libctru.a(syscalls.o)
                0x0010908c                __syscall_getreent
 .text.__syscall_lock_acquire
                0x001090bc        0x4 /opt/devkitpro/libctru/lib/libctru.a(syscalls.o)
                0x001090bc                __syscall_lock_acquire
 .text.__syscall_lock_release
                0x001090c0        0x4 /opt/devkitpro/libctru/lib/libctru.a(syscalls.o)
                0x001090c0                __syscall_lock_release
 .text.__syscall_lock_acquire_recursive
                0x001090c4        0x4 /opt/devkitpro/libctru/lib/libctru.a(syscalls.o)
                0x001090c4                __syscall_lock_acquire_recursive
 .text.__syscall_lock_release_recursive
                0x001090c8        0x4 /opt/devkitpro/libctru/lib/libctru.a(syscalls.o)
                0x001090c8                __syscall_lock_release_recursive
 .text.__syscall_exit
                0x001090cc        0x4 /opt/devkitpro/libctru/lib/libctru.a(syscalls.o)
                0x001090cc                __syscall_exit
 .text.initThreadVars
                0x001090d0       0x54 /opt/devkitpro/libctru/lib/libctru.a(syscalls.o)
                0x001090d0                initThreadVars
 .text.__system_initSyscalls
                0x00109124       0x80 /opt/devkitpro/libctru/lib/libctru.a(syscalls.o)
                0x00109124                __system_initSyscalls
 .text.svcControlMemory
                0x001091a4       0x20 /opt/devkitpro/libctru/lib/libctru.a(svc.o)
                0x001091a4                svcControlMemory
 .text.svcQueryMemory
                0x001091c4       0x30 /opt/devkitpro/libctru/lib/libctru.a(svc.o)
                0x001091c4                svcQueryMemory
 .text.svcExitProcess
                0x001091f4        0x8 /opt/devkitpro/libctru/lib/libctru.a(svc.o)
                0x001091f4                svcExitProcess
 .text.svcCreateThread
                0x001091fc       0x20 /opt/devkitpro/libctru/lib/libctru.a(svc.o)
                0x001091fc                svcCreateThread
 .text.svcExitThread
                0x0010921c        0x8 /opt/devkitpro/libctru/lib/libctru.a(svc.o)
                0x0010921c                svcExitThread
 .text.svcSleepThread
                0x00109224        0x8 /opt/devkitpro/libctru/lib/libctru.a(svc.o)
                0x00109224                svcSleepThread
 .text.svcReleaseMutex
                0x0010922c        0x8 /opt/devkitpro/libctru/lib/libctru.a(svc.o)
                0x0010922c                svcReleaseMutex
 .text.svcCreateEvent
                0x00109234       0x14 /opt/devkitpro/libctru/lib/libctru.a(svc.o)
                0x00109234                svcCreateEvent
 .text.svcSignalEvent
                0x00109248        0x8 /opt/devkitpro/libctru/lib/libctru.a(svc.o)
                0x00109248                svcSignalEvent
 .text.svcClearEvent
                0x00109250        0x8 /opt/devkitpro/libctru/lib/libctru.a(svc.o)
                0x00109250                svcClearEvent
 .text.svcCreateMemoryBlock
                0x00109258       0x18 /opt/devkitpro/libctru/lib/libctru.a(svc.o)
                0x00109258                svcCreateMemoryBlock
 .text.svcMapMemoryBlock
                0x00109270        0x8 /opt/devkitpro/libctru/lib/libctru.a(svc.o)
                0x00109270                svcMapMemoryBlock
 .text.svcUnmapMemoryBlock
                0x00109278        0x8 /opt/devkitpro/libctru/lib/libctru.a(svc.o)
                0x00109278                svcUnmapMemoryBlock
 .text.svcCreateAddressArbiter
                0x00109280       0x14 /opt/devkitpro/libctru/lib/libctru.a(svc.o)
                0x00109280                svcCreateAddressArbiter
 .text.svcArbitrateAddressNoTimeout
                0x00109294        0x8 /opt/devkitpro/libctru/lib/libctru.a(svc.o)
                0x00109294                svcArbitrateAddressNoTimeout
 .text.svcCloseHandle
                0x0010929c        0x8 /opt/devkitpro/libctru/lib/libctru.a(svc.o)
                0x0010929c                svcCloseHandle
 .text.svcWaitSynchronization
                0x001092a4        0x8 /opt/devkitpro/libctru/lib/libctru.a(svc.o)
                0x001092a4                svcWaitSynchronization
 .text.svcWaitSynchronizationN
                0x001092ac       0x28 /opt/devkitpro/libctru/lib/libctru.a(svc.o)
                0x001092ac                svcWaitSynchronizationN
 .text.svcDuplicateHandle
                0x001092d4       0x14 /opt/devkitpro/libctru/lib/libctru.a(svc.o)
                0x001092d4                svcDuplicateHandle
 .text.svcConnectToPort
                0x001092e8       0x14 /opt/devkitpro/libctru/lib/libctru.a(svc.o)
                0x001092e8                svcConnectToPort
 .text.svcSendSyncRequest
                0x001092fc        0x8 /opt/devkitpro/libctru/lib/libctru.a(svc.o)
                0x001092fc                svcSendSyncRequest
 .text.svcGetResourceLimit
                0x00109304       0x14 /opt/devkitpro/libctru/lib/libctru.a(svc.o)
                0x00109304                svcGetResourceLimit
 .text.svcGetResourceLimitLimitValues
                0x00109318        0x8 /opt/devkitpro/libctru/lib/libctru.a(svc.o)
                0x00109318                svcGetResourceLimitLimitValues
 .text.svcGetResourceLimitCurrentValues
                0x00109320        0x8 /opt/devkitpro/libctru/lib/libctru.a(svc.o)
                0x00109320                svcGetResourceLimitCurrentValues
 .text.svcBreak
                0x00109328        0x8 /opt/devkitpro/libctru/lib/libctru.a(svc.o)
                0x00109328                svcBreak
 .text.initSystem
                0x00109330       0x50 /opt/devkitpro/libctru/lib/libctru.a(stack_adjust.o)
                0x00109330                initSystem
 .text.__ctru_exit
                0x00109380       0x14 /opt/devkitpro/libctru/lib/libctru.a(stack_adjust.o)
                0x00109380                __ctru_exit
 .text._ZL21addrMapNodeComparatorPK11rbtree_nodeS1_
                0x00109394       0x24 /opt/devkitpro/libctru/lib/libctru.a(linear.o)
 .text._ZL21addrMapNodeDestructorP11rbtree_node
                0x001093b8        0x4 /opt/devkitpro/libctru/lib/libctru.a(linear.o)
 .text.linearMemAlign
                0x001093bc      0x12c /opt/devkitpro/libctru/lib/libctru.a(linear.o)
                0x001093bc                linearMemAlign
 .text.linearAlloc
                0x001094e8        0x8 /opt/devkitpro/libctru/lib/libctru.a(linear.o)
                0x001094e8                linearAlloc
 .text.linearFree
                0x001094f0       0x5c /opt/devkitpro/libctru/lib/libctru.a(linear.o)
                0x001094f0                linearFree
 .text._ZN7MemPool13CoalesceRightEP8MemBlock
                0x0010954c       0x88 /opt/devkitpro/libctru/lib/libctru.a(mem_pool.o)
                0x0010954c                _ZN7MemPool13CoalesceRightEP8MemBlock
 .text._ZN7MemPool8AllocateER8MemChunkmi
                0x001095d4      0x178 /opt/devkitpro/libctru/lib/libctru.a(mem_pool.o)
                0x001095d4                _ZN7MemPool8AllocateER8MemChunkmi
 .text._ZN7MemPool10DeallocateERK8MemChunk
                0x0010974c      0x118 /opt/devkitpro/libctru/lib/libctru.a(mem_pool.o)
                0x0010974c                _ZN7MemPool10DeallocateERK8MemChunk
 .text._ZN7MemPool12GetFreeSpaceEv
                0x00109864       0x30 /opt/devkitpro/libctru/lib/libctru.a(mem_pool.o)
                0x00109864                _ZN7MemPool12GetFreeSpaceEv
 .text._ZL21addrMapNodeComparatorPK11rbtree_nodeS1_
                0x00109894       0x24 /opt/devkitpro/libctru/lib/libctru.a(vram.o)
 .text._ZL21addrMapNodeDestructorP11rbtree_node
                0x001098b8        0x4 /opt/devkitpro/libctru/lib/libctru.a(vram.o)
 .text.vramMemAlignAt
                0x001098bc      0x248 /opt/devkitpro/libctru/lib/libctru.a(vram.o)
                0x001098bc                vramMemAlignAt
 .text.vramAlloc
                0x00109b04        0xc /opt/devkitpro/libctru/lib/libctru.a(vram.o)
                0x00109b04                vramAlloc
 .text.vramFree
                0x00109b10       0x94 /opt/devkitpro/libctru/lib/libctru.a(vram.o)
                0x00109b10                vramFree
 .text.envGetHandle
                0x00109ba4       0x8c /opt/devkitpro/libctru/lib/libctru.a(env.o)
                0x00109ba4                envGetHandle
 .text.envDestroyHandles
                0x00109c30       0x50 /opt/devkitpro/libctru/lib/libctru.a(env.o)
                0x00109c30                envDestroyHandles
 .text.__ctru_speedup_config
                0x00109c80       0x34 /opt/devkitpro/libctru/lib/libctru.a(os.o)
                0x00109c80                __ctru_speedup_config
 .text.srvInit  0x00109cb4      0x164 /opt/devkitpro/libctru/lib/libctru.a(srv.o)
                0x00109cb4                srvInit
 .text.srvExit  0x00109e18       0x64 /opt/devkitpro/libctru/lib/libctru.a(srv.o)
                0x00109e18                srvExit
 .text.srvEnableNotification
                0x00109e7c       0x60 /opt/devkitpro/libctru/lib/libctru.a(srv.o)
                0x00109e7c                srvEnableNotification
 .text.srvGetServiceHandleDirect
                0x00109edc       0xa0 /opt/devkitpro/libctru/lib/libctru.a(srv.o)
                0x00109edc                srvGetServiceHandleDirect
 .text.srvGetServiceHandle
                0x00109f7c       0x48 /opt/devkitpro/libctru/lib/libctru.a(srv.o)
                0x00109f7c                srvGetServiceHandle
 .text.srvSubscribe
                0x00109fc4       0x34 /opt/devkitpro/libctru/lib/libctru.a(srv.o)
                0x00109fc4                srvSubscribe
 .text.srvReceiveNotification
                0x00109ff8       0x60 /opt/devkitpro/libctru/lib/libctru.a(srv.o)
                0x00109ff8                srvReceiveNotification
 .text.srvPublishToSubscriber
                0x0010a058       0x38 /opt/devkitpro/libctru/lib/libctru.a(srv.o)
                0x0010a058                srvPublishToSubscriber
 .text.__sync_init
                0x0010a090        0xc /opt/devkitpro/libctru/lib/libctru.a(synchronization.o)
                0x0010a090                __sync_init
 .text.__sync_fini
                0x0010a09c       0x18 /opt/devkitpro/libctru/lib/libctru.a(synchronization.o)
                0x0010a09c                __sync_fini
 .text.syncArbitrateAddress
                0x0010a0b4       0x28 /opt/devkitpro/libctru/lib/libctru.a(synchronization.o)
                0x0010a0b4                syncArbitrateAddress
 .text.LightLock_Lock
                0x0010a0dc       0xac /opt/devkitpro/libctru/lib/libctru.a(synchronization.o)
                0x0010a0dc                LightLock_Lock
 .text.LightLock_Unlock
                0x0010a188       0x40 /opt/devkitpro/libctru/lib/libctru.a(synchronization.o)
                0x0010a188                LightLock_Unlock
 .text.RecursiveLock_Lock
                0x0010a1c8       0x54 /opt/devkitpro/libctru/lib/libctru.a(synchronization.o)
                0x0010a1c8                RecursiveLock_Lock
 .text.RecursiveLock_Unlock
                0x0010a21c       0x54 /opt/devkitpro/libctru/lib/libctru.a(synchronization.o)
                0x0010a21c                RecursiveLock_Unlock
 .text.LightEvent_Init
                0x0010a270       0x44 /opt/devkitpro/libctru/lib/libctru.a(synchronization.o)
                0x0010a270                LightEvent_Init
 .text.LightEvent_Clear
                0x0010a2b4       0xb8 /opt/devkitpro/libctru/lib/libctru.a(synchronization.o)
                0x0010a2b4                LightEvent_Clear
 .text.LightEvent_Signal
                0x0010a36c       0xdc /opt/devkitpro/libctru/lib/libctru.a(synchronization.o)
                0x0010a36c                LightEvent_Signal
 .text.LightEvent_TryWait
                0x0010a448       0x50 /opt/devkitpro/libctru/lib/libctru.a(synchronization.o)
                0x0010a448                LightEvent_TryWait
 .text.LightEvent_Wait
                0x0010a498       0xac /opt/devkitpro/libctru/lib/libctru.a(synchronization.o)
                0x0010a498                LightEvent_Wait
 .text.threadCreate
                0x0010a544      0x1fc /opt/devkitpro/libctru/lib/libctru.a(thread.o)
                0x0010a544                threadCreate
 .text.threadFree
                0x0010a740       0x38 /opt/devkitpro/libctru/lib/libctru.a(thread.o)
                0x0010a740                threadFree
 .text.threadJoin
                0x0010a778       0x24 /opt/devkitpro/libctru/lib/libctru.a(thread.o)
                0x0010a778                threadJoin
 .text.threadGetCurrent
                0x0010a79c       0x30 /opt/devkitpro/libctru/lib/libctru.a(thread.o)
                0x0010a79c                threadGetCurrent
 .text.threadExit
                0x0010a7cc       0x40 /opt/devkitpro/libctru/lib/libctru.a(thread.o)
                0x0010a7cc                threadExit
 .text._thread_begin
                0x0010a80c       0x20 /opt/devkitpro/libctru/lib/libctru.a(thread.o)
 .text.mappableFindAddressWithin
                0x0010a82c       0x90 /opt/devkitpro/libctru/lib/libctru.a(mappable.o)
 .text.mappableInit
                0x0010a8bc       0x28 /opt/devkitpro/libctru/lib/libctru.a(mappable.o)
                0x0010a8bc                mappableInit
 .text.mappableAlloc
                0x0010a8e4       0x7c /opt/devkitpro/libctru/lib/libctru.a(mappable.o)
                0x0010a8e4                mappableAlloc
 .text.mappableFree
                0x0010a960        0x4 /opt/devkitpro/libctru/lib/libctru.a(mappable.o)
                0x0010a960                mappableFree
 .text.ptmSysmInit
                0x0010a964       0x78 /opt/devkitpro/libctru/lib/libctru.a(ptmsysm.o)
                0x0010a964                ptmSysmInit
 .text.ptmSysmExit
                0x0010a9dc       0x3c /opt/devkitpro/libctru/lib/libctru.a(ptmsysm.o)
                0x0010a9dc                ptmSysmExit
 .text.PTMSYSM_ConfigureNew3DSCPU
                0x0010aa18       0x34 /opt/devkitpro/libctru/lib/libctru.a(ptmsysm.o)
                0x0010aa18                PTMSYSM_ConfigureNew3DSCPU
 .text.srvPmGetSessionHandle
                0x0010aa4c        0xc /opt/devkitpro/libctru/lib/libctru.a(srvpm.o)
                0x0010aa4c                srvPmGetSessionHandle
 .text._net_convert_error
                0x0010aa58       0x3c /opt/devkitpro/libctru/lib/libctru.a(soc_common.o)
                0x0010aa58                _net_convert_error
 .text.rbtree_find
                0x0010aa94       0x74 /opt/devkitpro/libctru/lib/libctru.a(rbtree_find.o)
                0x0010aa94                rbtree_find
 .text.rbtree_init
                0x0010ab08       0x10 /opt/devkitpro/libctru/lib/libctru.a(rbtree_init.o)
                0x0010ab08                rbtree_init
 .text.do_insert
                0x0010ab18      0x198 /opt/devkitpro/libctru/lib/libctru.a(rbtree_insert.o)
 .text.rbtree_insert
                0x0010acb0        0x8 /opt/devkitpro/libctru/lib/libctru.a(rbtree_insert.o)
                0x0010acb0                rbtree_insert
 .text.rbtree_remove
                0x0010acb8      0x310 /opt/devkitpro/libctru/lib/libctru.a(rbtree_remove.o)
                0x0010acb8                rbtree_remove
 .text.rbtree_rotate
                0x0010afc8       0x90 /opt/devkitpro/libctru/lib/libctru.a(rbtree_rotate.o)
                0x0010afc8                rbtree_rotate
 .text.decode_utf16
                0x0010b058       0x54 /opt/devkitpro/libctru/lib/libctru.a(decode_utf16.o)
                0x0010b058                decode_utf16
 .text.decode_utf8
                0x0010b0ac      0x140 /opt/devkitpro/libctru/lib/libctru.a(decode_utf8.o)
                0x0010b0ac                decode_utf8
 .text.encode_utf16
                0x0010b1ec       0x54 /opt/devkitpro/libctru/lib/libctru.a(encode_utf16.o)
                0x0010b1ec                encode_utf16
 .text.encode_utf8
                0x0010b240       0xe0 /opt/devkitpro/libctru/lib/libctru.a(encode_utf8.o)
                0x0010b240                encode_utf8
 .text.__system_allocateHeaps
                0x0010b320      0x1e8 /opt/devkitpro/libctru/lib/libctru.a(allocateHeaps.o)
                0x0010b320                __system_allocateHeaps
 .text.__appExit
                0x0010b508       0x30 /opt/devkitpro/libctru/lib/libctru.a(appExit.o)
                0x0010b508                __appExit
 .text.__appInit
                0x0010b538       0x30 /opt/devkitpro/libctru/lib/libctru.a(appInit.o)
                0x0010b538                __appInit
 .text.__libctru_exit
                0x0010b568       0x90 /opt/devkitpro/libctru/lib/libctru.a(ctru_exit.o)
                0x0010b568                __libctru_exit
 .text.error_cmp
                0x0010b5f8       0x24 /opt/devkitpro/libctru/lib/libctru.a(archive_dev.o)
 .text.archive_translate_error
                0x0010b61c       0x50 /opt/devkitpro/libctru/lib/libctru.a(archive_dev.o)
 .text.archive_seek
                0x0010b66c       0xc0 /opt/devkitpro/libctru/lib/libctru.a(archive_dev.o)
 .text._archiveInit.part.0
                0x0010b72c       0x78 /opt/devkitpro/libctru/lib/libctru.a(archive_dev.o)
 .text.archiveFindDevice.part.0
                0x0010b7a4      0x110 /opt/devkitpro/libctru/lib/libctru.a(archive_dev.o)
 .text.archive_utf16path
                0x0010b8b4      0x298 /opt/devkitpro/libctru/lib/libctru.a(archive_dev.o)
 .text._archiveUnmountDeviceStruct.part.0
                0x0010bb4c       0x98 /opt/devkitpro/libctru/lib/libctru.a(archive_dev.o)
 .text._archiveMountDevice
                0x0010bbe4      0x178 /opt/devkitpro/libctru/lib/libctru.a(archive_dev.o)
 .text.archive_diropen
                0x0010bd5c       0xf8 /opt/devkitpro/libctru/lib/libctru.a(archive_dev.o)
 .text.archive_fstat
                0x0010be54       0xac /opt/devkitpro/libctru/lib/libctru.a(archive_dev.o)
 .text.archive_fsync
                0x0010bf00       0x74 /opt/devkitpro/libctru/lib/libctru.a(archive_dev.o)
 .text.archive_close
                0x0010bf74       0x74 /opt/devkitpro/libctru/lib/libctru.a(archive_dev.o)
 .text.archive_dirclose
                0x0010bfe8       0x78 /opt/devkitpro/libctru/lib/libctru.a(archive_dev.o)
 .text.sdmc_statvfs
                0x0010c060       0xec /opt/devkitpro/libctru/lib/libctru.a(archive_dev.o)
 .text.archive_chdir
                0x0010c14c       0xf8 /opt/devkitpro/libctru/lib/libctru.a(archive_dev.o)
 .text.archive_ftruncate
                0x0010c244       0x8c /opt/devkitpro/libctru/lib/libctru.a(archive_dev.o)
 .text.archive_read
                0x0010c2d0       0xbc /opt/devkitpro/libctru/lib/libctru.a(archive_dev.o)
 .text.archive_unlink
                0x0010c38c       0xa8 /opt/devkitpro/libctru/lib/libctru.a(archive_dev.o)
 .text.archive_rmdir
                0x0010c434       0xc0 /opt/devkitpro/libctru/lib/libctru.a(archive_dev.o)
 .text.archive_mkdir
                0x0010c4f4       0xd8 /opt/devkitpro/libctru/lib/libctru.a(archive_dev.o)
 .text.archive_stat
                0x0010c5cc      0x1a0 /opt/devkitpro/libctru/lib/libctru.a(archive_dev.o)
 .text.archive_dirnext
                0x0010c76c      0x164 /opt/devkitpro/libctru/lib/libctru.a(archive_dev.o)
 .text.archive_write
                0x0010c8d0      0x13c /opt/devkitpro/libctru/lib/libctru.a(archive_dev.o)
 *fill*         0x0010ca0c        0x4 
 .text.archive_open
                0x0010ca10      0x254 /opt/devkitpro/libctru/lib/libctru.a(archive_dev.o)
 .text.archive_rename
                0x0010cc64      0x270 /opt/devkitpro/libctru/lib/libctru.a(archive_dev.o)
 .text.archiveMountSdmc
                0x0010ced4      0x1c8 /opt/devkitpro/libctru/lib/libctru.a(archive_dev.o)
                0x0010ced4                archiveMountSdmc
 .text.archiveUnmountAll
                0x0010d09c       0x54 /opt/devkitpro/libctru/lib/libctru.a(archive_dev.o)
                0x0010d09c                archiveUnmountAll
 .text.fsInit   0x0010d0f0      0x104 /opt/devkitpro/libctru/lib/libctru.a(fs.o)
                0x0010d0f0                fsInit
 .text.fsExit   0x0010d1f4       0x3c /opt/devkitpro/libctru/lib/libctru.a(fs.o)
                0x0010d1f4                fsExit
 .text.fsExemptFromSession
                0x0010d230       0x68 /opt/devkitpro/libctru/lib/libctru.a(fs.o)
                0x0010d230                fsExemptFromSession
 .text.fsUnexemptFromSession
                0x0010d298       0x50 /opt/devkitpro/libctru/lib/libctru.a(fs.o)
                0x0010d298                fsUnexemptFromSession
 .text.FSUSER_OpenFile
                0x0010d2e8       0xcc /opt/devkitpro/libctru/lib/libctru.a(fs.o)
                0x0010d2e8                FSUSER_OpenFile
 .text.FSUSER_DeleteFile
                0x0010d3b4       0xb8 /opt/devkitpro/libctru/lib/libctru.a(fs.o)
                0x0010d3b4                FSUSER_DeleteFile
 .text.FSUSER_RenameFile
                0x0010d46c       0xf4 /opt/devkitpro/libctru/lib/libctru.a(fs.o)
                0x0010d46c                FSUSER_RenameFile
 .text.FSUSER_DeleteDirectory
                0x0010d560       0xb8 /opt/devkitpro/libctru/lib/libctru.a(fs.o)
                0x0010d560                FSUSER_DeleteDirectory
 .text.FSUSER_CreateFile
                0x0010d618       0xd0 /opt/devkitpro/libctru/lib/libctru.a(fs.o)
                0x0010d618                FSUSER_CreateFile
 .text.FSUSER_CreateDirectory
                0x0010d6e8       0xc0 /opt/devkitpro/libctru/lib/libctru.a(fs.o)
                0x0010d6e8                FSUSER_CreateDirectory
 .text.FSUSER_RenameDirectory
                0x0010d7a8       0xf4 /opt/devkitpro/libctru/lib/libctru.a(fs.o)
                0x0010d7a8                FSUSER_RenameDirectory
 .text.FSUSER_OpenDirectory
                0x0010d89c       0xb4 /opt/devkitpro/libctru/lib/libctru.a(fs.o)
                0x0010d89c                FSUSER_OpenDirectory
 .text.FSUSER_OpenArchive
                0x0010d950       0x90 /opt/devkitpro/libctru/lib/libctru.a(fs.o)
                0x0010d950                FSUSER_OpenArchive
 .text.FSUSER_CloseArchive
                0x0010d9e0       0x8c /opt/devkitpro/libctru/lib/libctru.a(fs.o)
                0x0010d9e0                FSUSER_CloseArchive
 .text.FSUSER_GetSdmcArchiveResource
                0x0010da6c       0x74 /opt/devkitpro/libctru/lib/libctru.a(fs.o)
                0x0010da6c                FSUSER_GetSdmcArchiveResource
 .text.FSUSER_IsSdmcWritable
                0x0010dae0       0x64 /opt/devkitpro/libctru/lib/libctru.a(fs.o)
                0x0010dae0                FSUSER_IsSdmcWritable
 .text.FSFILE_Read
                0x0010db44       0x64 /opt/devkitpro/libctru/lib/libctru.a(fs.o)
                0x0010db44                FSFILE_Read
 .text.FSFILE_Write
                0x0010dba8       0x6c /opt/devkitpro/libctru/lib/libctru.a(fs.o)
                0x0010dba8                FSFILE_Write
 .text.FSFILE_GetSize
                0x0010dc14       0x44 /opt/devkitpro/libctru/lib/libctru.a(fs.o)
                0x0010dc14                FSFILE_GetSize
 .text.FSFILE_SetSize
                0x0010dc58       0x28 /opt/devkitpro/libctru/lib/libctru.a(fs.o)
                0x0010dc58                FSFILE_SetSize
 .text.FSFILE_Close
                0x0010dc80       0x3c /opt/devkitpro/libctru/lib/libctru.a(fs.o)
                0x0010dc80                FSFILE_Close
 .text.FSFILE_Flush
                0x0010dcbc       0x24 /opt/devkitpro/libctru/lib/libctru.a(fs.o)
                0x0010dcbc                FSFILE_Flush
 .text.FSDIR_Read
                0x0010dce0       0x60 /opt/devkitpro/libctru/lib/libctru.a(fs.o)
                0x0010dce0                FSDIR_Read
 .text.FSDIR_Close
                0x0010dd40       0x3c /opt/devkitpro/libctru/lib/libctru.a(fs.o)
                0x0010dd40                FSDIR_Close
 .text.rbtree_node_next
                0x0010dd7c       0x60 /opt/devkitpro/libctru/lib/libctru.a(rbtree_iterator.o)
                0x0010dd7c                rbtree_node_next
 .text.__aeabi_read_tp
                0x0010dddc        0xc /opt/devkitpro/libctru/lib/libctru.a(readtp.o)
                0x0010dddc                __aeabi_read_tp
 .text.__udivmoddi4
                0x0010dde8      0x130 /opt/devkitpro/devkitARM/lib/gcc/arm-none-eabi/15.2.0/armv6k/fpu/libgcc.a(_udivmoddi4.o)
                0x0010dde8                __udivmoddi4
 .text.strncat  0x0010df18       0xe4 /opt/devkitpro/devkitARM/lib/gcc/arm-none-eabi/15.2.0/../../../../arm-none-eabi/lib/armv6k/fpu/libg.a(libc_a-strncat.o)
                0x0010df18                strncat
 .text.critical_factorization
                0x0010dffc      0x130 /opt/devkitpro/devkitARM/lib/gcc/arm-none-eabi/15.2.0/../../../../arm-none-eabi/lib/armv6k/fpu/libg.a(libc_a-strstr.o)
 .text.two_way_long_needle
                0x0010e12c      0x33c /opt/devkitpro/devkitARM/lib/gcc/arm-none-eabi/15.2.0/../../../../arm-none-eabi/lib/armv6k/fpu/libg.a(libc_a-strstr.o)
 .text.strstr   0x0010e468      0x238 /opt/devkitpro/devkitARM/lib/gcc/arm-none-eabi/15.2.0/../../../../arm-none-eabi/lib/armv6k/fpu/libg.a(libc_a-strstr.o)
                0x0010e468                strstr
 .text.memcpy   0x0010e6a0      0x128 /opt/devkitpro/devkitARM/lib/gcc/arm-none-eabi/15.2.0/../../../../arm-none-eabi/lib/armv6k/fpu/libg.a(libc_a-memcpy-stub.o)
                0x0010e6a0                memcpy
 .text.strlen   0x0010e7c8       0x8c /opt/devkitpro/devkitARM/lib/gcc/arm-none-eabi/15.2.0/../../../../arm-none-eabi/lib/armv6k/fpu/libg.a(libc_a-strlen.o)
                0x0010e7c8                strlen
 .text.bsearch  0x0010e854       0x78 /opt/devkitpro/devkitARM/lib/gcc/arm-none-eabi/15.2.0/../../../../arm-none-eabi/lib/armv6k/fpu/libg.a(libc_a-bsearch.o)
                0x0010e854                bsearch
 .text._fopen_r
                0x0010e8cc      0x134 /opt/devkitpro/devkitARM/lib/gcc/arm-none-eabi/15.2.0/../../../../arm-none-eabi/lib/armv6k/fpu/libg.a(libc_a-fopen.o)
                0x0010e8cc                _fopen_r
 .text.fopen    0x0010ea00       0x28 /opt/devkitpro/devkitARM/lib/gcc/arm-none-eabi/15.2.0/../../../../arm-none-eabi/lib/armv6k/fpu/libg.a(libc_a-fopen.o)
                0x0010ea00                fopen
 .text.memalign
                0x0010ea28       0x28 /opt/devkitpro/devkitARM/lib/gcc/arm-none-eabi/15.2.0/../../../../arm-none-eabi/lib/armv6k/fpu/libg.a(libc_a-malign.o)
                0x0010ea28                memalign
 .text.snprintf
                0x0010ea50       0xa0 /opt/devkitpro/devkitARM/lib/gcc/arm-none-eabi/15.2.0/../../../../arm-none-eabi/lib/armv6k/fpu/libg.a(libc_a-snprintf.o)
                0x0010ea50                snprintf
 .text.printf   0x0010eaf0       0x34 /opt/devkitpro/devkitARM/lib/gcc/arm-none-eabi/15.2.0/../../../../arm-none-eabi/lib/armv6k/fpu/libg.a(libc_a-printf.o)
                0x0010eaf0                printf
 .text._strtoul_l.isra.0
                0x0010eb24      0x1ec /opt/devkitpro/devkitARM/lib/gcc/arm-none-eabi/15.2.0/../../../../arm-none-eabi/lib/armv6k/fpu/libg.a(libc_a-strtoul.o)
 .text.strtoul  0x0010ed10       0x3c /opt/devkitpro/devkitARM/lib/gcc/arm-none-eabi/15.2.0/../../../../arm-none-eabi/lib/armv6k/fpu/libg.a(libc_a-strtoul.o)
                0x0010ed10                strtoul
 .text.strchr   0x0010ed4c      0x140 /opt/devkitpro/devkitARM/lib/gcc/arm-none-eabi/15.2.0/../../../../arm-none-eabi/lib/armv6k/fpu/libg.a(libc_a-strchr.o)
                0x0010ed4c                strchr
 .text.memcmp   0x0010ee8c       0xd8 /opt/devkitpro/devkitARM/lib/gcc/arm-none-eabi/15.2.0/../../../../arm-none-eabi/lib/armv6k/fpu/libg.a(libc_a-memcmp.o)
                0x0010ee8c                memcmp
 .text._fgets_r
                0x0010ef64      0x198 /opt/devkitpro/devkitARM/lib/gcc/arm-none-eabi/15.2.0/../../../../arm-none-eabi/lib/armv6k/fpu/libg.a(libc_a-fgets.o)
                0x0010ef64                _fgets_r
 .text.fgets    0x0010f0fc       0x30 /opt/devkitpro/devkitARM/lib/gcc/arm-none-eabi/15.2.0/../../../../arm-none-eabi/lib/armv6k/fpu/libg.a(libc_a-fgets.o)
                0x0010f0fc                fgets
 .text._memalign_r
                0x0010f12c      0x16c /opt/devkitpro/devkitARM/lib/gcc/arm-none-eabi/15.2.0/../../../../arm-none-eabi/lib/armv6k/fpu/libg.a(libc_a-malignr.o)
                0x0010f12c                _memalign_r
 .text.__errno  0x0010f298        0xc /opt/devkitpro/devkitARM/lib/gcc/arm-none-eabi/15.2.0/../../../../arm-none-eabi/lib/armv6k/fpu/libg.a(libc_a-errno.o)
                0x0010f298                __errno
 .text.memset   0x0010f2a4       0xe4 /opt/devkitpro/devkitARM/lib/gcc/arm-none-eabi/15.2.0/../../../../arm-none-eabi/lib/armv6k/fpu/libg.a(libc_a-memset.o)
                0x0010f2a4                memset
 .text.__sflush_r
                0x0010f388      0x22c /opt/devkitpro/devkitARM/lib/gcc/arm-none-eabi/15.2.0/../../../../arm-none-eabi/lib/armv6k/fpu/libg.a(libc_a-fflush.o)
                0x0010f388                __sflush_r
 .text._fflush_r
                0x0010f5b4       0xc4 /opt/devkitpro/devkitARM/lib/gcc/arm-none-eabi/15.2.0/../../../../arm-none-eabi/lib/armv6k/fpu/libg.a(libc_a-fflush.o)
                0x0010f5b4                _fflush_r
 .text._malloc_r
                0x0010f678      0x82c /opt/devkitpro/devkitARM/lib/gcc/arm-none-eabi/15.2.0/../../../../arm-none-eabi/lib/armv6k/fpu/libg.a(libc_a-mallocr.o)
                0x0010f678                _malloc_r
 .text._malloc_trim_r
                0x0010fea4      0x114 /opt/devkitpro/devkitARM/lib/gcc/arm-none-eabi/15.2.0/../../../../arm-none-eabi/lib/armv6k/fpu/libg.a(libc_a-freer.o)
                0x0010fea4                _malloc_trim_r
 .text._free_r  0x0010ffb8      0x314 /opt/devkitpro/devkitARM/lib/gcc/arm-none-eabi/15.2.0/../../../../arm-none-eabi/lib/armv6k/fpu/libg.a(libc_a-freer.o)
                0x0010ffb8                _free_r
 .text.setvbuf  0x001102cc      0x294 /opt/devkitpro/devkitARM/lib/gcc/arm-none-eabi/15.2.0/../../../../arm-none-eabi/lib/armv6k/fpu/libg.a(libc_a-setvbuf.o)
                0x001102cc                setvbuf
 .text.stdio_exit_handler
                0x00110560       0x1c /opt/devkitpro/devkitARM/lib/gcc/arm-none-eabi/15.2.0/../../../../arm-none-eabi/lib/armv6k/fpu/libg.a(libc_a-findfp.o)
 .text.cleanup_stdio
                0x0011057c       0x5c /opt/devkitpro/devkitARM/lib/gcc/arm-none-eabi/15.2.0/../../../../arm-none-eabi/lib/armv6k/fpu/libg.a(libc_a-findfp.o)
 .text.global_stdio_init.part.0
                0x001105d8      0x154 /opt/devkitpro/devkitARM/lib/gcc/arm-none-eabi/15.2.0/../../../../arm-none-eabi/lib/armv6k/fpu/libg.a(libc_a-findfp.o)
 .text.__sfp    0x0011072c      0x138 /opt/devkitpro/devkitARM/lib/gcc/arm-none-eabi/15.2.0/../../../../arm-none-eabi/lib/armv6k/fpu/libg.a(libc_a-findfp.o)
                0x0011072c                __sfp
 .text.__sinit  0x00110864       0x5c /opt/devkitpro/devkitARM/lib/gcc/arm-none-eabi/15.2.0/../../../../arm-none-eabi/lib/armv6k/fpu/libg.a(libc_a-findfp.o)
                0x00110864                __sinit
 .text.__sfp_lock_acquire
                0x001108c0        0xc /opt/devkitpro/devkitARM/lib/gcc/arm-none-eabi/15.2.0/../../../../arm-none-eabi/lib/armv6k/fpu/libg.a(libc_a-findfp.o)
                0x001108c0                __sfp_lock_acquire
 .text.__sfp_lock_release
                0x001108cc        0xc /opt/devkitpro/devkitARM/lib/gcc/arm-none-eabi/15.2.0/../../../../arm-none-eabi/lib/armv6k/fpu/libg.a(libc_a-findfp.o)
                0x001108cc                __sfp_lock_release
 .text.atoi     0x001108d8        0xc /opt/devkitpro/devkitARM/lib/gcc/arm-none-eabi/15.2.0/../../../../arm-none-eabi/lib/armv6k/fpu/libg.a(libc_a-atoi.o)
                0x001108d8                atoi
 .text._strtol_l.part.0
                0x001108e4      0x384 /opt/devkitpro/devkitARM/lib/gcc/arm-none-eabi/15.2.0/../../../../arm-none-eabi/lib/armv6k/fpu/libg.a(libc_a-strtol.o)
 .text.strtol   0x00110c68       0x74 /opt/devkitpro/devkitARM/lib/gcc/arm-none-eabi/15.2.0/../../../../arm-none-eabi/lib/armv6k/fpu/libg.a(libc_a-strtol.o)
                0x00110c68                strtol
 .text.__libc_init_array
                0x00110cdc       0x84 /opt/devkitpro/devkitARM/lib/gcc/arm-none-eabi/15.2.0/../../../../arm-none-eabi/lib/armv6k/fpu/libg.a(libc_a-init.o)
                0x00110cdc                __libc_init_array
 .text.strncpy  0x00110d60       0xd4 /opt/devkitpro/devkitARM/lib/gcc/arm-none-eabi/15.2.0/../../../../arm-none-eabi/lib/armv6k/fpu/libg.a(libc_a-strncpy.o)
                0x00110d60                strncpy
 .text._fseek_r
                0x00110e34       0x1c /opt/devkitpro/devkitARM/lib/gcc/arm-none-eabi/15.2.0/../../../../arm-none-eabi/lib/armv6k/fpu/libg.a(libc_a-fseek.o)
                0x00110e34                _fseek_r
 .text.malloc   0x00110e50       0x40 /opt/devkitpro/devkitARM/lib/gcc/arm-none-eabi/15.2.0/../../../../arm-none-eabi/lib/armv6k/fpu/libg.a(libc_a-malloc.o)
                0x00110e50                malloc
 .text.free     0x00110e90       0x20 /opt/devkitpro/devkitARM/lib/gcc/arm-none-eabi/15.2.0/../../../../arm-none-eabi/lib/armv6k/fpu/libg.a(libc_a-malloc.o)
                0x00110e90                free
 .text.memchr   0x00110eb0       0xe8 /opt/devkitpro/devkitARM/lib/gcc/arm-none-eabi/15.2.0/../../../../arm-none-eabi/lib/armv6k/fpu/libg.a(libc_a-memchr-stub.o)
                0x00110eb0                memchr
 .text._puts_r  0x00110f98       0xe0 /opt/devkitpro/devkitARM/lib/gcc/arm-none-eabi/15.2.0/../../../../arm-none-eabi/lib/armv6k/fpu/libg.a(libc_a-puts.o)
                0x00110f98                _puts_r
 .text.puts     0x00111078       0x20 /opt/devkitpro/devkitARM/lib/gcc/arm-none-eabi/15.2.0/../../../../arm-none-eabi/lib/armv6k/fpu/libg.a(libc_a-puts.o)
                0x00111078                puts
 .text.__sread  0x00111098       0x44 /opt/devkitpro/devkitARM/lib/gcc/arm-none-eabi/15.2.0/../../../../arm-none-eabi/lib/armv6k/fpu/libg.a(libc_a-stdio.o)
                0x00111098                __sread
 .text.__swrite
                0x001110dc       0x68 /opt/devkitpro/devkitARM/lib/gcc/arm-none-eabi/15.2.0/../../../../arm-none-eabi/lib/armv6k/fpu/libg.a(libc_a-stdio.o)
                0x001110dc                __swrite
 .text.__sseek  0x00111144       0x40 /opt/devkitpro/devkitARM/lib/gcc/arm-none-eabi/15.2.0/../../../../arm-none-eabi/lib/armv6k/fpu/libg.a(libc_a-stdio.o)
                0x00111144                __sseek
 .text.__sclose
                0x00111184        0x8 /opt/devkitpro/devkitARM/lib/gcc/arm-none-eabi/15.2.0/../../../../arm-none-eabi/lib/armv6k/fpu/libg.a(libc_a-stdio.o)
                0x00111184                __sclose
 .text.memmove  0x0011118c      0x1a8 /opt/devkitpro/devkitARM/lib/gcc/arm-none-eabi/15.2.0/../../../../arm-none-eabi/lib/armv6k/fpu/libg.a(libc_a-memmove.o)
                0x0011118c                memmove
 .text.__malloc_lock
                0x00111334        0xc /opt/devkitpro/devkitARM/lib/gcc/arm-none-eabi/15.2.0/../../../../arm-none-eabi/lib/armv6k/fpu/libg.a(libc_a-mlock.o)
                0x00111334                __malloc_lock
 .text.__malloc_unlock
                0x00111340        0xc /opt/devkitpro/devkitARM/lib/gcc/arm-none-eabi/15.2.0/../../../../arm-none-eabi/lib/armv6k/fpu/libg.a(libc_a-mlock.o)
                0x00111340                __malloc_unlock
 .text._fseeko_r
                0x0011134c      0x588 /opt/devkitpro/devkitARM/lib/gcc/arm-none-eabi/15.2.0/../../../../arm-none-eabi/lib/armv6k/fpu/libg.a(libc_a-fseeko.o)
                0x0011134c                _fseeko_r
 .text._fclose_r
                0x001118d4      0x148 /opt/devkitpro/devkitARM/lib/gcc/arm-none-eabi/15.2.0/../../../../arm-none-eabi/lib/armv6k/fpu/libg.a(libc_a-fclose.o)
                0x001118d4                _fclose_r
 .text.fclose   0x00111a1c       0x20 /opt/devkitpro/devkitARM/lib/gcc/arm-none-eabi/15.2.0/../../../../arm-none-eabi/lib/armv6k/fpu/libg.a(libc_a-fclose.o)
                0x00111a1c                fclose
 .text.putchar  0x00111a3c       0x24 /opt/devkitpro/devkitARM/lib/gcc/arm-none-eabi/15.2.0/../../../../arm-none-eabi/lib/armv6k/fpu/libg.a(libc_a-putchar.o)
                0x00111a3c                putchar
 .text.fprintf  0x00111a60       0x3c /opt/devkitpro/devkitARM/lib/gcc/arm-none-eabi/15.2.0/../../../../arm-none-eabi/lib/armv6k/fpu/libg.a(libc_a-fprintf.o)
                0x00111a60                fprintf
 .text.__call_exitprocs
                0x00111a9c        0x4 /opt/devkitpro/devkitARM/lib/gcc/arm-none-eabi/15.2.0/../../../../arm-none-eabi/lib/armv6k/fpu/libg.a(libc_a-exit.o)
                0x00111a9c                __call_exitprocs
 .text.exit     0x00111aa0       0x30 /opt/devkitpro/devkitARM/lib/gcc/arm-none-eabi/15.2.0/../../../../arm-none-eabi/lib/armv6k/fpu/libg.a(libc_a-exit.o)
                0x00111aa0                exit
 .text.get_arg  0x00111ad0      0x5e0 /opt/devkitpro/devkitARM/lib/gcc/arm-none-eabi/15.2.0/../../../../arm-none-eabi/lib/armv6k/fpu/libg.a(libc_a-svfprintf.o)
 .text._svfprintf_r
                0x001120b0     0x345c /opt/devkitpro/devkitARM/lib/gcc/arm-none-eabi/15.2.0/../../../../arm-none-eabi/lib/armv6k/fpu/libg.a(libc_a-svfprintf.o)
                0x001120b0                _svfprintf_r
 .text.__sflags
                0x0011550c       0xb8 /opt/devkitpro/devkitARM/lib/gcc/arm-none-eabi/15.2.0/../../../../arm-none-eabi/lib/armv6k/fpu/libg.a(libc_a-flags.o)
                0x0011550c                __sflags
 .text.__libc_fini_array
                0x001155c4       0x3c /opt/devkitpro/devkitARM/lib/gcc/arm-none-eabi/15.2.0/../../../../arm-none-eabi/lib/armv6k/fpu/libg.a(libc_a-fini.o)
                0x001155c4                __libc_fini_array
 .text.strnlen  0x00115600       0x3c /opt/devkitpro/devkitARM/lib/gcc/arm-none-eabi/15.2.0/../../../../arm-none-eabi/lib/armv6k/fpu/libg.a(libc_a-strnlen.o)
                0x00115600                strnlen
 .text.strncmp  0x0011563c       0xd8 /opt/devkitpro/devkitARM/lib/gcc/arm-none-eabi/15.2.0/../../../../arm-none-eabi/lib/armv6k/fpu/libg.a(libc_a-strncmp.o)
                0x0011563c                strncmp
 .text.lflush   0x00115714       0x38 /opt/devkitpro/devkitARM/lib/gcc/arm-none-eabi/15.2.0/../../../../arm-none-eabi/lib/armv6k/fpu/libg.a(libc_a-refill.o)
 .text.__srefill_r
                0x0011574c      0x1a8 /opt/devkitpro/devkitARM/lib/gcc/arm-none-eabi/15.2.0/../../../../arm-none-eabi/lib/armv6k/fpu/libg.a(libc_a-refill.o)
                0x0011574c                __srefill_r
 *fill*         0x001158f4        0x4 
 .text.frexp    0x001158f8       0x88 /opt/devkitpro/devkitARM/lib/gcc/arm-none-eabi/15.2.0/../../../../arm-none-eabi/lib/armv6k/fpu/libg.a(libm_a-s_frexp.o)
                0x001158f8                frexp
 .text._fwalk_sglue
                0x00115980       0x70 /opt/devkitpro/devkitARM/lib/gcc/arm-none-eabi/15.2.0/../../../../arm-none-eabi/lib/armv6k/fpu/libg.a(libc_a-fwalk.o)
                0x00115980                _fwalk_sglue
 .text.get_arg  0x001159f0      0x5e0 /opt/devkitpro/devkitARM/lib/gcc/arm-none-eabi/15.2.0/../../../../arm-none-eabi/lib/armv6k/fpu/libg.a(libc_a-vfprintf.o)
 .text._vfprintf_r
                0x00115fd0     0x3554 /opt/devkitpro/devkitARM/lib/gcc/arm-none-eabi/15.2.0/../../../../arm-none-eabi/lib/armv6k/fpu/libg.a(libc_a-vfprintf.o)
                0x00115fd0                _vfprintf_r
 .text.__sbprintf
                0x00119524       0xb4 /opt/devkitpro/devkitARM/lib/gcc/arm-none-eabi/15.2.0/../../../../arm-none-eabi/lib/armv6k/fpu/libg.a(libc_a-vfprintf.o)
 .text._wcrtomb_r
                0x001195d8       0xa0 /opt/devkitpro/devkitARM/lib/gcc/arm-none-eabi/15.2.0/../../../../arm-none-eabi/lib/armv6k/fpu/libg.a(libc_a-wcrtomb.o)
                0x001195d8                _wcrtomb_r
 .text.__ssprint_r
                0x00119678       0xa4 /opt/devkitpro/devkitARM/lib/gcc/arm-none-eabi/15.2.0/../../../../arm-none-eabi/lib/armv6k/fpu/libg.a(libc_a-ssprint_r.o)
                0x00119678                __ssprint_r
 .text.__sfvwrite_r
                0x0011971c      0x4a4 /opt/devkitpro/devkitARM/lib/gcc/arm-none-eabi/15.2.0/../../../../arm-none-eabi/lib/armv6k/fpu/libg.a(libc_a-fvwrite.o)
                0x0011971c                __sfvwrite_r
 .text.__smakebuf_r
                0x00119bc0      0x164 /opt/devkitpro/devkitARM/lib/gcc/arm-none-eabi/15.2.0/../../../../arm-none-eabi/lib/armv6k/fpu/libg.a(libc_a-makebuf.o)
                0x00119bc0                __smakebuf_r
 .text.__swhatbuf_r
                0x00119d24       0x90 /opt/devkitpro/devkitARM/lib/gcc/arm-none-eabi/15.2.0/../../../../arm-none-eabi/lib/armv6k/fpu/libg.a(libc_a-makebuf.o)
                0x00119d24                __swhatbuf_r
 .text.__locale_mb_cur_max
                0x00119db4       0x24 /opt/devkitpro/devkitARM/lib/gcc/arm-none-eabi/15.2.0/../../../../arm-none-eabi/lib/armv6k/fpu/libg.a(libc_a-locale.o)
                0x00119db4                __locale_mb_cur_max
 .text.__sprint_r
                0x00119dd8       0x30 /opt/devkitpro/devkitARM/lib/gcc/arm-none-eabi/15.2.0/../../../../arm-none-eabi/lib/armv6k/fpu/libg.a(libc_a-sprint_r.o)
                0x00119dd8                __sprint_r
 .text._putc_r  0x00119e08       0xfc /opt/devkitpro/devkitARM/lib/gcc/arm-none-eabi/15.2.0/../../../../arm-none-eabi/lib/armv6k/fpu/libg.a(libc_a-putc.o)
                0x00119e08                _putc_r
 .text.quorem   0x00119f04      0x1c0 /opt/devkitpro/devkitARM/lib/gcc/arm-none-eabi/15.2.0/../../../../arm-none-eabi/lib/armv6k/fpu/libg.a(libc_a-dtoa.o)
 *fill*         0x0011a0c4        0x4 
 .text._dtoa_r  0x0011a0c8     0x1420 /opt/devkitpro/devkitARM/lib/gcc/arm-none-eabi/15.2.0/../../../../arm-none-eabi/lib/armv6k/fpu/libg.a(libc_a-dtoa.o)
                0x0011a0c8                _dtoa_r
 .text.__swbuf_r
                0x0011b4e8      0x124 /opt/devkitpro/devkitARM/lib/gcc/arm-none-eabi/15.2.0/../../../../arm-none-eabi/lib/armv6k/fpu/libg.a(libc_a-wbuf.o)
                0x0011b4e8                __swbuf_r
 .text._wcsrtombs_r
                0x0011b60c       0x28 /opt/devkitpro/devkitARM/lib/gcc/arm-none-eabi/15.2.0/../../../../arm-none-eabi/lib/armv6k/fpu/libg.a(libc_a-wcsrtombs.o)
                0x0011b60c                _wcsrtombs_r
 .text.__swsetup_r
                0x0011b634      0x140 /opt/devkitpro/devkitARM/lib/gcc/arm-none-eabi/15.2.0/../../../../arm-none-eabi/lib/armv6k/fpu/libg.a(libc_a-wsetup.o)
                0x0011b634                __swsetup_r
 .text._localeconv_r
                0x0011b774       0x24 /opt/devkitpro/devkitARM/lib/gcc/arm-none-eabi/15.2.0/../../../../arm-none-eabi/lib/armv6k/fpu/libg.a(libc_a-localeconv.o)
                0x0011b774                _localeconv_r
 .text._realloc_r
                0x0011b798      0x4f0 /opt/devkitpro/devkitARM/lib/gcc/arm-none-eabi/15.2.0/../../../../arm-none-eabi/lib/armv6k/fpu/libg.a(libc_a-reallocr.o)
                0x0011b798                _realloc_r
 .text.__ssputs_r
                0x0011bc88      0x12c /opt/devkitpro/devkitARM/lib/gcc/arm-none-eabi/15.2.0/../../../../arm-none-eabi/lib/armv6k/fpu/libg.a(libc_a-ssputs_r.o)
                0x0011bc88                __ssputs_r
 .text.__utf8_wctomb
                0x0011bdb4       0xf8 /opt/devkitpro/devkitARM/lib/gcc/arm-none-eabi/15.2.0/../../../../arm-none-eabi/lib/armv6k/fpu/libg.a(libc_a-wctomb_r.o)
                0x0011bdb4                __utf8_wctomb
 .text._wcsnrtombs_l
                0x0011beac      0x15c /opt/devkitpro/devkitARM/lib/gcc/arm-none-eabi/15.2.0/../../../../arm-none-eabi/lib/armv6k/fpu/libg.a(libc_a-wcsnrtombs.o)
                0x0011beac                _wcsnrtombs_l
 .text._wcsnrtombs_r
                0x0011c008       0x64 /opt/devkitpro/devkitARM/lib/gcc/arm-none-eabi/15.2.0/../../../../arm-none-eabi/lib/armv6k/fpu/libg.a(libc_a-wcsnrtombs.o)
                0x0011c008                _wcsnrtombs_r
 .text.__assert_func
                0x0011c06c       0x5c /opt/devkitpro/devkitARM/lib/gcc/arm-none-eabi/15.2.0/../../../../arm-none-eabi/lib/armv6k/fpu/libg.a(libc_a-assert.o)
                0x0011c06c                __assert_func
 .text._Balloc  0x0011c0c8       0x88 /opt/devkitpro/devkitARM/lib/gcc/arm-none-eabi/15.2.0/../../../../arm-none-eabi/lib/armv6k/fpu/libg.a(libc_a-mprec.o)
                0x0011c0c8                _Balloc
 .text._Bfree   0x0011c150       0x1c /opt/devkitpro/devkitARM/lib/gcc/arm-none-eabi/15.2.0/../../../../arm-none-eabi/lib/armv6k/fpu/libg.a(libc_a-mprec.o)
                0x0011c150                _Bfree
 .text.__multadd
                0x0011c16c       0xf4 /opt/devkitpro/devkitARM/lib/gcc/arm-none-eabi/15.2.0/../../../../arm-none-eabi/lib/armv6k/fpu/libg.a(libc_a-mprec.o)
                0x0011c16c                __multadd
 .text.__hi0bits
                0x0011c260       0x80 /opt/devkitpro/devkitARM/lib/gcc/arm-none-eabi/15.2.0/../../../../arm-none-eabi/lib/armv6k/fpu/libg.a(libc_a-mprec.o)
                0x0011c260                __hi0bits
 .text.__lo0bits
                0x0011c2e0       0xf0 /opt/devkitpro/devkitARM/lib/gcc/arm-none-eabi/15.2.0/../../../../arm-none-eabi/lib/armv6k/fpu/libg.a(libc_a-mprec.o)
                0x0011c2e0                __lo0bits
 .text.__i2b    0x0011c3d0       0xa4 /opt/devkitpro/devkitARM/lib/gcc/arm-none-eabi/15.2.0/../../../../arm-none-eabi/lib/armv6k/fpu/libg.a(libc_a-mprec.o)
                0x0011c3d0                __i2b
 .text.__multiply
                0x0011c474      0x230 /opt/devkitpro/devkitARM/lib/gcc/arm-none-eabi/15.2.0/../../../../arm-none-eabi/lib/armv6k/fpu/libg.a(libc_a-mprec.o)
                0x0011c474                __multiply
 .text.__pow5mult
                0x0011c6a4      0x130 /opt/devkitpro/devkitARM/lib/gcc/arm-none-eabi/15.2.0/../../../../arm-none-eabi/lib/armv6k/fpu/libg.a(libc_a-mprec.o)
                0x0011c6a4                __pow5mult
 .text.__lshift
                0x0011c7d4      0x138 /opt/devkitpro/devkitARM/lib/gcc/arm-none-eabi/15.2.0/../../../../arm-none-eabi/lib/armv6k/fpu/libg.a(libc_a-mprec.o)
                0x0011c7d4                __lshift
 .text.__mcmp   0x0011c90c       0x58 /opt/devkitpro/devkitARM/lib/gcc/arm-none-eabi/15.2.0/../../../../arm-none-eabi/lib/armv6k/fpu/libg.a(libc_a-mprec.o)
                0x0011c90c                __mcmp
 .text.__mdiff  0x0011c964      0x218 /opt/devkitpro/devkitARM/lib/gcc/arm-none-eabi/15.2.0/../../../../arm-none-eabi/lib/armv6k/fpu/libg.a(libc_a-mprec.o)
                0x0011c964                __mdiff
 .text.__d2b    0x0011cb7c      0x120 /opt/devkitpro/devkitARM/lib/gcc/arm-none-eabi/15.2.0/../../../../arm-none-eabi/lib/armv6k/fpu/libg.a(libc_a-mprec.o)
                0x0011cb7c                __d2b
 .text.__utf8_mbtowc
                0x0011cc9c      0x340 /opt/devkitpro/devkitARM/lib/gcc/arm-none-eabi/15.2.0/../../../../arm-none-eabi/lib/armv6k/fpu/libg.a(libc_a-mbtowc_r.o)
                0x0011cc9c                __utf8_mbtowc
 .text.fiprintf
                0x0011cfdc       0x3c /opt/devkitpro/devkitARM/lib/gcc/arm-none-eabi/15.2.0/../../../../arm-none-eabi/lib/armv6k/fpu/libg.a(libc_a-fiprintf.o)
                0x0011cfdc                fiprintf
 .text.abort    0x0011d018       0x14 /opt/devkitpro/devkitARM/lib/gcc/arm-none-eabi/15.2.0/../../../../arm-none-eabi/lib/armv6k/fpu/libg.a(libc_a-abort.o)
                0x0011d018                abort
 .text._calloc_r
                0x0011d02c       0xd8 /opt/devkitpro/devkitARM/lib/gcc/arm-none-eabi/15.2.0/../../../../arm-none-eabi/lib/armv6k/fpu/libg.a(libc_a-callocr.o)
                0x0011d02c                _calloc_r
 .text.get_arg  0x0011d104      0x5e0 /opt/devkitpro/devkitARM/lib/gcc/arm-none-eabi/15.2.0/../../../../arm-none-eabi/lib/armv6k/fpu/libg.a(libc_a-vfiprintf.o)
 .text._vfiprintf_r
                0x0011d6e4     0x22f8 /opt/devkitpro/devkitARM/lib/gcc/arm-none-eabi/15.2.0/../../../../arm-none-eabi/lib/armv6k/fpu/libg.a(libc_a-vfiprintf.o)
                0x0011d6e4                _vfiprintf_r
 .text.__sbprintf
                0x0011f9dc       0xb4 /opt/devkitpro/devkitARM/lib/gcc/arm-none-eabi/15.2.0/../../../../arm-none-eabi/lib/armv6k/fpu/libg.a(libc_a-vfiprintf.o)
 .text._raise_r
                0x0011fa90       0x9c /opt/devkitpro/devkitARM/lib/gcc/arm-none-eabi/15.2.0/../../../../arm-none-eabi/lib/armv6k/fpu/libg.a(libc_a-signal.o)
                0x0011fa90                _raise_r
 .text.raise    0x0011fb2c       0x20 /opt/devkitpro/devkitARM/lib/gcc/arm-none-eabi/15.2.0/../../../../arm-none-eabi/lib/armv6k/fpu/libg.a(libc_a-signal.o)
                0x0011fb2c                raise
 .text._exit    0x0011fb4c       0x20 /opt/devkitpro/devkitARM/lib/gcc/arm-none-eabi/15.2.0/../../../../arm-none-eabi/lib/armv6k/fpu/libsysbase.a(libsysbase_libsysbase_a-_exit.o)
                0x0011fb4c                _exit
 .text.chdir    0x0011fb6c      0x140 /opt/devkitpro/devkitARM/lib/gcc/arm-none-eabi/15.2.0/../../../../arm-none-eabi/lib/armv6k/fpu/libsysbase.a(libsysbase_libsysbase_a-chdir.o)
                0x0011fb6c                chdir
 .text._concatenate_path
                0x0011fcac      0x1c8 /opt/devkitpro/devkitARM/lib/gcc/arm-none-eabi/15.2.0/../../../../arm-none-eabi/lib/armv6k/fpu/libsysbase.a(libsysbase_libsysbase_a-concatenate.o)
                0x0011fcac                _concatenate_path
 .text._fstat_r
                0x0011fe74       0x9c /opt/devkitpro/devkitARM/lib/gcc/arm-none-eabi/15.2.0/../../../../arm-none-eabi/lib/armv6k/fpu/libsysbase.a(libsysbase_libsysbase_a-fstat.o)
                0x0011fe74                _fstat_r
 .text._getpid_r
                0x0011ff10       0x14 /opt/devkitpro/devkitARM/lib/gcc/arm-none-eabi/15.2.0/../../../../arm-none-eabi/lib/armv6k/fpu/libsysbase.a(libsysbase_libsysbase_a-getpid.o)
                0x0011ff10                _getpid_r
 .text.__getreent
                0x0011ff24       0x2c /opt/devkitpro/devkitARM/lib/gcc/arm-none-eabi/15.2.0/../../../../arm-none-eabi/lib/armv6k/fpu/libsysbase.a(libsysbase_libsysbase_a-getreent.o)
                0x0011ff24                __getreent
 .text.__release_handle
                0x0011ff50       0xa0 /opt/devkitpro/devkitARM/lib/gcc/arm-none-eabi/15.2.0/../../../../arm-none-eabi/lib/armv6k/fpu/libsysbase.a(libsysbase_libsysbase_a-handle_manager.o)
                0x0011ff50                __release_handle
 .text.__alloc_handle
                0x0011fff0       0xb0 /opt/devkitpro/devkitARM/lib/gcc/arm-none-eabi/15.2.0/../../../../arm-none-eabi/lib/armv6k/fpu/libsysbase.a(libsysbase_libsysbase_a-handle_manager.o)
                0x0011fff0                __alloc_handle
 .text.__get_handle
                0x001200a0       0x58 /opt/devkitpro/devkitARM/lib/gcc/arm-none-eabi/15.2.0/../../../../arm-none-eabi/lib/armv6k/fpu/libsysbase.a(libsysbase_libsysbase_a-handle_manager.o)
                0x001200a0                __get_handle
 .text._close_r
                0x001200f8      0x110 /opt/devkitpro/devkitARM/lib/gcc/arm-none-eabi/15.2.0/../../../../arm-none-eabi/lib/armv6k/fpu/libsysbase.a(libsysbase_libsysbase_a-handle_manager.o)
                0x001200f8                _close_r
 .text.null_write
                0x00120208        0x8 /opt/devkitpro/devkitARM/lib/gcc/arm-none-eabi/15.2.0/../../../../arm-none-eabi/lib/armv6k/fpu/libsysbase.a(libsysbase_libsysbase_a-iosupport.o)
 .text.setDefaultDevice
                0x00120210       0x18 /opt/devkitpro/devkitARM/lib/gcc/arm-none-eabi/15.2.0/../../../../arm-none-eabi/lib/armv6k/fpu/libsysbase.a(libsysbase_libsysbase_a-iosupport.o)
                0x00120210                setDefaultDevice
 .text.FindDevice
                0x00120228       0x98 /opt/devkitpro/devkitARM/lib/gcc/arm-none-eabi/15.2.0/../../../../arm-none-eabi/lib/armv6k/fpu/libsysbase.a(libsysbase_libsysbase_a-iosupport.o)
                0x00120228                FindDevice
 .text.RemoveDevice
                0x001202c0       0x24 /opt/devkitpro/devkitARM/lib/gcc/arm-none-eabi/15.2.0/../../../../arm-none-eabi/lib/armv6k/fpu/libsysbase.a(libsysbase_libsysbase_a-iosupport.o)
                0x001202c0                RemoveDevice
 .text.AddDevice
                0x001202e4       0x88 /opt/devkitpro/devkitARM/lib/gcc/arm-none-eabi/15.2.0/../../../../arm-none-eabi/lib/armv6k/fpu/libsysbase.a(libsysbase_libsysbase_a-iosupport.o)
                0x001202e4                AddDevice
 .text.GetDeviceOpTab
                0x0012036c       0x20 /opt/devkitpro/devkitARM/lib/gcc/arm-none-eabi/15.2.0/../../../../arm-none-eabi/lib/armv6k/fpu/libsysbase.a(libsysbase_libsysbase_a-iosupport.o)
                0x0012036c                GetDeviceOpTab
 .text._isatty_r
                0x0012038c        0x8 /opt/devkitpro/devkitARM/lib/gcc/arm-none-eabi/15.2.0/../../../../arm-none-eabi/lib/armv6k/fpu/libsysbase.a(libsysbase_libsysbase_a-isatty.o)
                0x0012038c                _isatty_r
 .text._kill_r  0x00120394       0x14 /opt/devkitpro/devkitARM/lib/gcc/arm-none-eabi/15.2.0/../../../../arm-none-eabi/lib/armv6k/fpu/libsysbase.a(libsysbase_libsysbase_a-kill.o)
                0x00120394                _kill_r
 .text._lseek_r
                0x001203a8       0x94 /opt/devkitpro/devkitARM/lib/gcc/arm-none-eabi/15.2.0/../../../../arm-none-eabi/lib/armv6k/fpu/libsysbase.a(libsysbase_libsysbase_a-lseek.o)
                0x001203a8                _lseek_r
 .text.mkdir    0x0012043c       0x68 /opt/devkitpro/devkitARM/lib/gcc/arm-none-eabi/15.2.0/../../../../arm-none-eabi/lib/armv6k/fpu/libsysbase.a(libsysbase_libsysbase_a-mkdir.o)
                0x0012043c                mkdir
 .text._open_r  0x001204a4       0xc0 /opt/devkitpro/devkitARM/lib/gcc/arm-none-eabi/15.2.0/../../../../arm-none-eabi/lib/armv6k/fpu/libsysbase.a(libsysbase_libsysbase_a-open.o)
                0x001204a4                _open_r
 .text._read_r  0x00120564       0x94 /opt/devkitpro/devkitARM/lib/gcc/arm-none-eabi/15.2.0/../../../../arm-none-eabi/lib/armv6k/fpu/libsysbase.a(libsysbase_libsysbase_a-read.o)
                0x00120564                _read_r
 .text._sbrk_r  0x001205f8       0x78 /opt/devkitpro/devkitARM/lib/gcc/arm-none-eabi/15.2.0/../../../../arm-none-eabi/lib/armv6k/fpu/libsysbase.a(libsysbase_libsysbase_a-sbrk.o)
                0x001205f8                _sbrk_r
 .text.__libc_lock_acquire
                0x00120670       0x1c /opt/devkitpro/devkitARM/lib/gcc/arm-none-eabi/15.2.0/../../../../arm-none-eabi/lib/armv6k/fpu/libsysbase.a(libsysbase_libsysbase_a-syscall_support.o)
                0x00120670                __libc_lock_acquire
 .text.__libc_lock_release
                0x0012068c       0x1c /opt/devkitpro/devkitARM/lib/gcc/arm-none-eabi/15.2.0/../../../../arm-none-eabi/lib/armv6k/fpu/libsysbase.a(libsysbase_libsysbase_a-syscall_support.o)
                0x0012068c                __libc_lock_release
 .text.__libc_lock_acquire_recursive
                0x001206a8       0x1c /opt/devkitpro/devkitARM/lib/gcc/arm-none-eabi/15.2.0/../../../../arm-none-eabi/lib/armv6k/fpu/libsysbase.a(libsysbase_libsysbase_a-syscall_support.o)
                0x001206a8                __libc_lock_acquire_recursive
 .text.__libc_lock_release_recursive
                0x001206c4       0x1c /opt/devkitpro/devkitARM/lib/gcc/arm-none-eabi/15.2.0/../../../../arm-none-eabi/lib/armv6k/fpu/libsysbase.a(libsysbase_libsysbase_a-syscall_support.o)
                0x001206c4                __libc_lock_release_recursive
 .text._write_r
                0x001206e0       0x94 /opt/devkitpro/devkitARM/lib/gcc/arm-none-eabi/15.2.0/../../../../arm-none-eabi/lib/armv6k/fpu/libsysbase.a(libsysbase_libsysbase_a-write.o)
                0x001206e0                _write_r
 .text.strrchr  0x00120774       0x48 /opt/devkitpro/devkitARM/lib/gcc/arm-none-eabi/15.2.0/../../../../arm-none-eabi/lib/armv6k/fpu/libg.a(libc_a-strrchr.o)
                0x00120774                strrchr
 *(.glue_7)
 .glue_7        0x001207bc        0x0 linker stubs
 *(.glue_7t)
 .glue_7t       0x001207bc        0x0 linker stubs
 *(.stub)
 *(.gnu.warning)
 *(.gnu.linkonce.t*)
                0x001207bc                        . = ALIGN (0x4)
 *(.fini)
 .fini          0x001207bc        0xc /opt/devkitpro/devkitARM/lib/gcc/arm-none-eabi/15.2.0/armv6k/fpu/crti.o
                0x001207bc                _fini
 .fini          0x001207c8        0xc /opt/devkitpro/devkitARM/lib/gcc/arm-none-eabi/15.2.0/armv6k/fpu/crtn.o
                0x001207d4                        . = ALIGN (0x4)

.vfp11_veneer   0x001207d4        0x0
 .vfp11_veneer  0x001207d4        0x0 linker stubs

.v4_bx          0x001207d4        0x0
 .v4_bx         0x001207d4        0x0 linker stubs

.iplt           0x001207d4        0x0
 .iplt          0x001207d4        0x0 /opt/devkitpro/devkitARM/lib/gcc/arm-none-eabi/15.2.0/../../../../arm-none-eabi/lib/armv6k/fpu/3dsx_crt0.o
                0x00121000                        . = ALIGN (0x1000)

.rodata         0x00121000     0x3980
 *(.rodata)
 .rodata        0x00121000      0x540 main.o
 .rodata        0x00121540        0xc /opt/devkitpro/libctru/lib/libctru.a(archive_dev.o)
 *(.roda)
 *(.rodata.*)
 .rodata.str1.4
                0x0012154c     0x2021 main.o
                               0x1e07 (size before relaxing)
 .rodata.consolePrintChar
                0x0012356d        0x6 /opt/devkitpro/libctru/lib/libctru.a(console.o)
 *fill*         0x00123573        0x1 
 .rodata.con_write
                0x00123574      0x23c /opt/devkitpro/libctru/lib/libctru.a(console.o)
 .rodata.str1.4
                0x001237b0        0x0 /opt/devkitpro/libctru/lib/libctru.a(console.o)
                                 0x10 (size before relaxing)
 .rodata.dotab_stdout
                0x001237b0       0x80 /opt/devkitpro/libctru/lib/libctru.a(console.o)
 .rodata.grayScale
                0x00123830       0x18 /opt/devkitpro/libctru/lib/libctru.a(console.o)
 .rodata.colorCube
                0x00123848        0x6 /opt/devkitpro/libctru/lib/libctru.a(console.o)
 *fill*         0x0012384e        0x2 
 .rodata.colorTable
                0x00123850       0x30 /opt/devkitpro/libctru/lib/libctru.a(console.o)
 .rodata.acInit.str1.4
                0x00123880        0x0 /opt/devkitpro/libctru/lib/libctru.a(ac.o)
                                  0xd (size before relaxing)
 .rodata.aptEventHandler
                0x00123880        0xb /opt/devkitpro/libctru/lib/libctru.a(apt.o)
 .rodata.aptWaitForWakeUp.isra.0
                0x0012388b       0x11 /opt/devkitpro/libctru/lib/libctru.a(apt.o)
 .rodata.morton_y.2
                0x0012389c        0x8 /opt/devkitpro/libctru/lib/libctru.a(apt.o)
 .rodata.morton_x.3
                0x001238a4        0x8 /opt/devkitpro/libctru/lib/libctru.a(apt.o)
 .rodata.s_sleepWakeEvents.4
                0x001238ac        0x8 /opt/devkitpro/libctru/lib/libctru.a(apt.o)
 .rodata.str1.4
                0x001238b4        0x0 /opt/devkitpro/libctru/lib/libctru.a(apt.o)
                                 0x16 (size before relaxing)
 .rodata.serviceNameTable.5
                0x001238b4        0xc /opt/devkitpro/libctru/lib/libctru.a(apt.o)
 .rodata.gspInit.str1.4
                0x001238c0        0x0 /opt/devkitpro/libctru/lib/libctru.a(gspgpu.o)
                                  0x9 (size before relaxing)
 .rodata.hidInit.str1.4
                0x001238c0        0x0 /opt/devkitpro/libctru/lib/libctru.a(hid.o)
                                 0x15 (size before relaxing)
 .rodata.httpcInit.str1.4
                0x001238c0        0x0 /opt/devkitpro/libctru/lib/libctru.a(httpc.o)
                                  0x7 (size before relaxing)
 .rodata.irrstInit.str1.4
                0x001238c0        0x0 /opt/devkitpro/libctru/lib/libctru.a(irrst.o)
                                  0x7 (size before relaxing)
 .rodata.socInit.str1.4
                0x001238c0        0x0 /opt/devkitpro/libctru/lib/libctru.a(soc_init.o)
                                  0xe (size before relaxing)
 .rodata.str1.4
                0x001238c0        0x0 /opt/devkitpro/libctru/lib/libctru.a(soc_init.o)
                                  0x4 (size before relaxing)
 .rodata.__system_initArgv.str1.4
                0x001238c0        0x0 /opt/devkitpro/libctru/lib/libctru.a(initArgv.o)
                                  0xa (size before relaxing)
 .rodata.default_font_bin
                0x001238c0      0x800 /opt/devkitpro/libctru/lib/libctru.a(default_font.bin.o)
                0x001238c0                default_font_bin
                0x001240c0                default_font_bin_end
 .rodata.srvInit.str1.4
                0x001240c0        0x0 /opt/devkitpro/libctru/lib/libctru.a(srv.o)
                                  0x5 (size before relaxing)
 .rodata.ptmSysmInit.str1.4
                0x001240c0        0x0 /opt/devkitpro/libctru/lib/libctru.a(ptmsysm.o)
                                  0x9 (size before relaxing)
 .rodata._net_error_code_map
                0x001240c0       0x4d /opt/devkitpro/libctru/lib/libctru.a(soc_common.o)
 .rodata.archive_utf16path.str1.4
                0x0012410d        0x0 /opt/devkitpro/libctru/lib/libctru.a(archive_dev.o)
                                  0x2 (size before relaxing)
 .rodata._archiveUnmountDeviceStruct.part.0.str1.4
                0x0012410d        0x0 /opt/devkitpro/libctru/lib/libctru.a(archive_dev.o)
                                  0x2 (size before relaxing)
 .rodata._archiveMountDevice.str1.4
                0x0012410d        0x0 /opt/devkitpro/libctru/lib/libctru.a(archive_dev.o)
                                  0xc (size before relaxing)
 .rodata.archiveMountSdmc.str1.4
                0x0012410d        0x0 /opt/devkitpro/libctru/lib/libctru.a(archive_dev.o)
                                  0x5 (size before relaxing)
 *fill*         0x0012410d        0x3 
 .rodata.error_table
                0x00124110       0x30 /opt/devkitpro/libctru/lib/libctru.a(archive_dev.o)
 .rodata.str1.4
                0x00124140        0x0 /opt/devkitpro/libctru/lib/libctru.a(archive_dev.o)
                                  0x8 (size before relaxing)
 .rodata.archive_devoptab
                0x00124140       0x80 /opt/devkitpro/libctru/lib/libctru.a(archive_dev.o)
 .rodata.fsInit.str1.4
                0x001241c0        0x0 /opt/devkitpro/libctru/lib/libctru.a(fs.o)
                                  0x8 (size before relaxing)
 .rodata._puts_r.str1.4
                0x001241c0        0x0 /opt/devkitpro/devkitARM/lib/gcc/arm-none-eabi/15.2.0/../../../../arm-none-eabi/lib/armv6k/fpu/libg.a(libc_a-puts.o)
                                  0x2 (size before relaxing)
 .rodata.get_arg
                0x001241c0       0x34 /opt/devkitpro/devkitARM/lib/gcc/arm-none-eabi/15.2.0/../../../../arm-none-eabi/lib/armv6k/fpu/libg.a(libc_a-svfprintf.o)
 .rodata._svfprintf_r.str1.1
                0x001241f4       0x3b /opt/devkitpro/devkitARM/lib/gcc/arm-none-eabi/15.2.0/../../../../arm-none-eabi/lib/armv6k/fpu/libg.a(libc_a-svfprintf.o)
 *fill*         0x0012422f        0x1 
 .rodata._svfprintf_r
                0x00124230       0xb6 /opt/devkitpro/devkitARM/lib/gcc/arm-none-eabi/15.2.0/../../../../arm-none-eabi/lib/armv6k/fpu/libg.a(libc_a-svfprintf.o)
 *fill*         0x001242e6        0x2 
 .rodata.zeroes.0
                0x001242e8       0x10 /opt/devkitpro/devkitARM/lib/gcc/arm-none-eabi/15.2.0/../../../../arm-none-eabi/lib/armv6k/fpu/libg.a(libc_a-svfprintf.o)
 .rodata.blanks.1
                0x001242f8       0x10 /opt/devkitpro/devkitARM/lib/gcc/arm-none-eabi/15.2.0/../../../../arm-none-eabi/lib/armv6k/fpu/libg.a(libc_a-svfprintf.o)
 .rodata._ctype_
                0x00124308      0x101 /opt/devkitpro/devkitARM/lib/gcc/arm-none-eabi/15.2.0/../../../../arm-none-eabi/lib/armv6k/fpu/libg.a(libc_a-ctype_.o)
                0x00124308                _ctype_
 *fill*         0x00124409        0x1 
 .rodata.get_arg
                0x0012440a       0x34 /opt/devkitpro/devkitARM/lib/gcc/arm-none-eabi/15.2.0/../../../../arm-none-eabi/lib/armv6k/fpu/libg.a(libc_a-vfprintf.o)
 .rodata._vfprintf_r.str1.1
                0x0012443e        0x0 /opt/devkitpro/devkitARM/lib/gcc/arm-none-eabi/15.2.0/../../../../arm-none-eabi/lib/armv6k/fpu/libg.a(libc_a-vfprintf.o)
                                 0x3b (size before relaxing)
 .rodata._vfprintf_r
                0x0012443e       0xb6 /opt/devkitpro/devkitARM/lib/gcc/arm-none-eabi/15.2.0/../../../../arm-none-eabi/lib/armv6k/fpu/libg.a(libc_a-vfprintf.o)
 .rodata.zeroes.0
                0x001244f4       0x10 /opt/devkitpro/devkitARM/lib/gcc/arm-none-eabi/15.2.0/../../../../arm-none-eabi/lib/armv6k/fpu/libg.a(libc_a-vfprintf.o)
 .rodata.blanks.1
                0x00124504       0x10 /opt/devkitpro/devkitARM/lib/gcc/arm-none-eabi/15.2.0/../../../../arm-none-eabi/lib/armv6k/fpu/libg.a(libc_a-vfprintf.o)
 .rodata.__action_table
                0x00124514       0x6c /opt/devkitpro/devkitARM/lib/gcc/arm-none-eabi/15.2.0/../../../../arm-none-eabi/lib/armv6k/fpu/libg.a(libc_a-svfiprintf.o)
                0x00124514                __action_table
 .rodata.__state_table
                0x00124580       0x6c /opt/devkitpro/devkitARM/lib/gcc/arm-none-eabi/15.2.0/../../../../arm-none-eabi/lib/armv6k/fpu/libg.a(libc_a-svfiprintf.o)
                0x00124580                __state_table
 .rodata.__chclass
                0x001245ec      0x100 /opt/devkitpro/devkitARM/lib/gcc/arm-none-eabi/15.2.0/../../../../arm-none-eabi/lib/armv6k/fpu/libg.a(libc_a-svfiprintf.o)
                0x001245ec                __chclass
 .rodata.str1.4
                0x001246ec        0x0 /opt/devkitpro/devkitARM/lib/gcc/arm-none-eabi/15.2.0/../../../../arm-none-eabi/lib/armv6k/fpu/libg.a(libc_a-locale.o)
                                 0x4c (size before relaxing)
 .rodata._dtoa_r.str1.4
                0x001246ec        0x0 /opt/devkitpro/devkitARM/lib/gcc/arm-none-eabi/15.2.0/../../../../arm-none-eabi/lib/armv6k/fpu/libg.a(libc_a-dtoa.o)
                                 0x9c (size before relaxing)
 .rodata._dtoa_r
                0x001246ec        0x8 /opt/devkitpro/devkitARM/lib/gcc/arm-none-eabi/15.2.0/../../../../arm-none-eabi/lib/armv6k/fpu/libg.a(libc_a-dtoa.o)
 .rodata.__assert_func.str1.4
                0x001246f4        0x0 /opt/devkitpro/devkitARM/lib/gcc/arm-none-eabi/15.2.0/../../../../arm-none-eabi/lib/armv6k/fpu/libg.a(libc_a-assert.o)
                                 0x43 (size before relaxing)
 .rodata.__multadd.str1.4
                0x001246f4        0x0 /opt/devkitpro/devkitARM/lib/gcc/arm-none-eabi/15.2.0/../../../../arm-none-eabi/lib/armv6k/fpu/libg.a(libc_a-mprec.o)
                                 0x89 (size before relaxing)
 .rodata.p05.0  0x001246f4        0xc /opt/devkitpro/devkitARM/lib/gcc/arm-none-eabi/15.2.0/../../../../arm-none-eabi/lib/armv6k/fpu/libg.a(libc_a-mprec.o)
 .rodata.__mprec_bigtens
                0x00124700       0x28 /opt/devkitpro/devkitARM/lib/gcc/arm-none-eabi/15.2.0/../../../../arm-none-eabi/lib/armv6k/fpu/libg.a(libc_a-mprec.o)
                0x00124700                __mprec_bigtens
 .rodata.__mprec_tens
                0x00124728       0xc8 /opt/devkitpro/devkitARM/lib/gcc/arm-none-eabi/15.2.0/../../../../arm-none-eabi/lib/armv6k/fpu/libg.a(libc_a-mprec.o)
                0x00124728                __mprec_tens
 .rodata.get_arg
                0x001247f0       0x34 /opt/devkitpro/devkitARM/lib/gcc/arm-none-eabi/15.2.0/../../../../arm-none-eabi/lib/armv6k/fpu/libg.a(libc_a-vfiprintf.o)
 .rodata._vfiprintf_r.str1.1
                0x00124824        0x0 /opt/devkitpro/devkitARM/lib/gcc/arm-none-eabi/15.2.0/../../../../arm-none-eabi/lib/armv6k/fpu/libg.a(libc_a-vfiprintf.o)
                                 0x29 (size before relaxing)
 .rodata._vfiprintf_r
                0x00124824       0xb6 /opt/devkitpro/devkitARM/lib/gcc/arm-none-eabi/15.2.0/../../../../arm-none-eabi/lib/armv6k/fpu/libg.a(libc_a-vfiprintf.o)
 *fill*         0x001248da        0x2 
 .rodata.zeroes.0
                0x001248dc       0x10 /opt/devkitpro/devkitARM/lib/gcc/arm-none-eabi/15.2.0/../../../../arm-none-eabi/lib/armv6k/fpu/libg.a(libc_a-vfiprintf.o)
 .rodata.blanks.1
                0x001248ec       0x10 /opt/devkitpro/devkitARM/lib/gcc/arm-none-eabi/15.2.0/../../../../arm-none-eabi/lib/armv6k/fpu/libg.a(libc_a-vfiprintf.o)
 .rodata.str1.4
                0x001248fc        0x0 /opt/devkitpro/devkitARM/lib/gcc/arm-none-eabi/15.2.0/../../../../arm-none-eabi/lib/armv6k/fpu/libsysbase.a(libsysbase_libsysbase_a-iosupport.o)
                                  0x8 (size before relaxing)
 .rodata.dotab_stdnull
                0x001248fc       0x80 /opt/devkitpro/devkitARM/lib/gcc/arm-none-eabi/15.2.0/../../../../arm-none-eabi/lib/armv6k/fpu/libsysbase.a(libsysbase_libsysbase_a-iosupport.o)
                0x001248fc                dotab_stdnull
 *all.rodata*(*)
 *(.gnu.linkonce.r*)
                0x0012497c                        . = ALIGN (0x4)
                0x0012497c                        __tdata_align = .
                0x0012497c        0x4 LONG 0x4 ALIGNOF (.tdata)
                0x00124980                        . = ALIGN (0x4)

.eh_frame       0x00124980        0x0
 .eh_frame      0x00124980        0x0 /opt/devkitpro/devkitARM/lib/gcc/arm-none-eabi/15.2.0/armv6k/fpu/crtbegin.o

.rel.dyn        0x00124980        0x0
 .rel.iplt      0x00124980        0x0 /opt/devkitpro/devkitARM/lib/gcc/arm-none-eabi/15.2.0/../../../../arm-none-eabi/lib/armv6k/fpu/3dsx_crt0.o
 .rel.got       0x00124980        0x0 /opt/devkitpro/devkitARM/lib/gcc/arm-none-eabi/15.2.0/../../../../arm-none-eabi/lib/armv6k/fpu/3dsx_crt0.o

.ARM.extab
 *(.ARM.extab* .gnu.linkonce.armextab.*)
                0x00124980                        __exidx_start = .

.ARM.exidx
 *(.ARM.exidx* .gnu.linkonce.armexidx.*)
                0x00124980                        __exidx_end = .
                0x00125000                        . = ALIGN (0x1000)

.data           0x00125000     0x1e0c
 *(.data)
 *(.data.*)
 .data.firstConsoleInit.0
                0x00125000        0x1 /opt/devkitpro/libctru/lib/libctru.a(console.o)
 *fill*         0x00125001        0x3 
 .data.currentConsole
                0x00125004        0x4 /opt/devkitpro/libctru/lib/libctru.a(console.o)
                0x00125004                currentConsole
 .data.defaultConsole
                0x00125008       0x48 /opt/devkitpro/libctru/lib/libctru.a(console.o)
                0x00125008                defaultConsole
 .data.aptChainloadDeliverArgSize
                0x00125050        0x4 /opt/devkitpro/libctru/lib/libctru.a(apt.o)
 .data.kCount   0x00125054        0x4 /opt/devkitpro/libctru/lib/libctru.a(hid.o)
 .data.kInterval
                0x00125058        0x4 /opt/devkitpro/libctru/lib/libctru.a(hid.o)
 .data.kDelay   0x0012505c        0x4 /opt/devkitpro/libctru/lib/libctru.a(hid.o)
 .data.soc_devoptab
                0x00125060       0x80 /opt/devkitpro/libctru/lib/libctru.a(soc_init.o)
 .data.__stacksize__
                0x001250e0        0x4 /opt/devkitpro/libctru/lib/libctru.a(stack_adjust.o)
                0x001250e0                __stacksize__
 .data._impure_ptr
                0x001250e4        0x4 /opt/devkitpro/devkitARM/lib/gcc/arm-none-eabi/15.2.0/../../../../arm-none-eabi/lib/armv6k/fpu/libg.a(libc_a-impure.o)
                0x001250e4                _impure_ptr
 .data._impure_data
                0x001250e8      0x200 /opt/devkitpro/devkitARM/lib/gcc/arm-none-eabi/15.2.0/../../../../arm-none-eabi/lib/armv6k/fpu/libg.a(libc_a-impure.o)
                0x001250e8                _impure_data
 .data.__malloc_sbrk_base
                0x001252e8        0x4 /opt/devkitpro/devkitARM/lib/gcc/arm-none-eabi/15.2.0/../../../../arm-none-eabi/lib/armv6k/fpu/libg.a(libc_a-mallocr.o)
                0x001252e8                __malloc_sbrk_base
 .data.__malloc_trim_threshold
                0x001252ec        0x4 /opt/devkitpro/devkitARM/lib/gcc/arm-none-eabi/15.2.0/../../../../arm-none-eabi/lib/armv6k/fpu/libg.a(libc_a-mallocr.o)
                0x001252ec                __malloc_trim_threshold
 .data.__malloc_av_
                0x001252f0      0x408 /opt/devkitpro/devkitARM/lib/gcc/arm-none-eabi/15.2.0/../../../../arm-none-eabi/lib/armv6k/fpu/libg.a(libc_a-mallocr.o)
                0x001252f0                __malloc_av_
 .data.__sglue  0x001256f8        0xc /opt/devkitpro/devkitARM/lib/gcc/arm-none-eabi/15.2.0/../../../../arm-none-eabi/lib/armv6k/fpu/libg.a(libc_a-findfp.o)
                0x001256f8                __sglue
 .data.__global_locale
                0x00125704      0x254 /opt/devkitpro/devkitARM/lib/gcc/arm-none-eabi/15.2.0/../../../../arm-none-eabi/lib/armv6k/fpu/libg.a(libc_a-locale.o)
                0x00125704                __global_locale
 .data._current_working_directory
                0x00125958      0x400 /opt/devkitpro/devkitARM/lib/gcc/arm-none-eabi/15.2.0/../../../../arm-none-eabi/lib/armv6k/fpu/libsysbase.a(libsysbase_libsysbase_a-chdir.o)
 .data.handles  0x00125d58     0x1000 /opt/devkitpro/devkitARM/lib/gcc/arm-none-eabi/15.2.0/../../../../arm-none-eabi/lib/armv6k/fpu/libsysbase.a(libsysbase_libsysbase_a-handle_manager.o)
 .data.__stderr_handle
                0x00126d58        0xc /opt/devkitpro/devkitARM/lib/gcc/arm-none-eabi/15.2.0/../../../../arm-none-eabi/lib/armv6k/fpu/libsysbase.a(libsysbase_libsysbase_a-handle_manager.o)
 .data.__stdout_handle
                0x00126d64        0xc /opt/devkitpro/devkitARM/lib/gcc/arm-none-eabi/15.2.0/../../../../arm-none-eabi/lib/armv6k/fpu/libsysbase.a(libsysbase_libsysbase_a-handle_manager.o)
 .data.__stdin_handle
                0x00126d70        0xc /opt/devkitpro/devkitARM/lib/gcc/arm-none-eabi/15.2.0/../../../../arm-none-eabi/lib/armv6k/fpu/libsysbase.a(libsysbase_libsysbase_a-handle_manager.o)
 .data.devoptab_list
                0x00126d7c       0x8c /opt/devkitpro/devkitARM/lib/gcc/arm-none-eabi/15.2.0/../../../../arm-none-eabi/lib/armv6k/fpu/libsysbase.a(libsysbase_libsysbase_a-iosupport.o)
                0x00126d7c                devoptab_list
 .data.defaultDevice
                0x00126e08        0x4 /opt/devkitpro/devkitARM/lib/gcc/arm-none-eabi/15.2.0/../../../../arm-none-eabi/lib/armv6k/fpu/libsysbase.a(libsysbase_libsysbase_a-iosupport.o)
 *(.gnu.linkonce.d*)
                0x00126e0c                        . = ALIGN (0x4)

.igot.plt       0x00126e0c        0x0
 .igot.plt      0x00126e0c        0x0 /opt/devkitpro/devkitARM/lib/gcc/arm-none-eabi/15.2.0/../../../../arm-none-eabi/lib/armv6k/fpu/3dsx_crt0.o

.got            0x00126e0c        0x8
 .got           0x00126e0c        0x8 /opt/devkitpro/devkitARM/lib/gcc/arm-none-eabi/15.2.0/../../../../arm-none-eabi/lib/armv6k/fpu/3dsx_crt0.o

.got.plt        0x00126e14        0xc
 .got.plt       0x00126e14        0xc /opt/devkitpro/devkitARM/lib/gcc/arm-none-eabi/15.2.0/../../../../arm-none-eabi/lib/armv6k/fpu/3dsx_crt0.o
                0x00126e14                _GLOBAL_OFFSET_TABLE_

.tdata          0x00126e20        0x0
                0x00126e20                        __tdata_lma = .
 *(.tdata)
 *(.tdata.*)
 *(.gnu.linkonce.td.*)
                0x00126e20                        . = ALIGN (0x4)
                0x00126e20                        __tdata_lma_end = .

.tbss           0x00126e20      0xc08
 *(.tbss)
 *(.tbss.*)
 .tbss.__ctru_dev_utf16_buf
                0x00126e20      0x802 /opt/devkitpro/libctru/lib/libctru.a(path_buf.o)
                0x00126e20                __ctru_dev_utf16_buf
 *fill*         0x00127622        0x2 
 .tbss.__ctru_dev_path_buf
                0x00127624      0x401 /opt/devkitpro/libctru/lib/libctru.a(path_buf.o)
                0x00127624                __ctru_dev_path_buf
 *(.gnu.linkonce.tb.*)
 *(.tcommon)
                0x00127a28                        . = ALIGN (0x4)
 *fill*         0x00127a25        0x3 

.preinit_array  0x00126e20        0x0